BL51 BANKED LINKER/LOCATER V6.22                                                        02/16/2021  21:59:40  PAGE 1


BL51 BANKED LINKER/LOCATER V6.22, INVOKED BY:
D:\KEIL_V5\C51\BIN\BL51.EXE .\Obj\main.obj, .\Obj\User_I2C.obj, .\Obj\User_Key.obj, .\Obj\User_OLED.obj, .\Obj\User_SHT3
>> 0.obj, .\Obj\User_Timer.obj, .\Obj\codetab.obj, .\Obj\Uart_1.obj, .\Obj\Uart_2.obj, .\Obj\delay.obj, .\Obj\mcu_api.ob
>> j, .\Obj\protocol.obj, .\Obj\system.obj TO .\Obj\智能温湿度计 PRINT (.\List\智能温湿度计.m51) RAMSIZE (256)


MEMORY MODEL: LARGE WITH FLOATING POINT ARITHMETIC


INPUT MODULES INCLUDED:
  .\Obj\main.obj (MAIN)
  .\Obj\User_I2C.obj (USER_I2C)
  .\Obj\User_Key.obj (USER_KEY)
  .\Obj\User_OLED.obj (USER_OLED)
  .\Obj\User_SHT30.obj (USER_SHT30)
  .\Obj\User_Timer.obj (USER_TIMER)
  .\Obj\codetab.obj (CODETAB)
  .\Obj\Uart_1.obj (UART_1)
  .\Obj\Uart_2.obj (UART_2)
  .\Obj\delay.obj (DELAY)
  .\Obj\mcu_api.obj (MCU_API)
  .\Obj\protocol.obj (PROTOCOL)
  .\Obj\system.obj (SYSTEM)
  D:\KEIL_V5\C51\LIB\C51FPL.LIB (?C?FPADD)
  D:\KEIL_V5\C51\LIB\C51FPL.LIB (?C?FPMUL)
  D:\KEIL_V5\C51\LIB\C51FPL.LIB (?C?FPDIV)
  D:\KEIL_V5\C51\LIB\C51FPL.LIB (?C?FCAST)
  D:\KEIL_V5\C51\LIB\C51FPL.LIB (?C?CASTF)
  D:\KEIL_V5\C51\LIB\C51FPL.LIB (EXP)
  D:\KEIL_V5\C51\LIB\C51FPL.LIB (?C?FPGETOPN)
  D:\KEIL_V5\C51\LIB\C51FPL.LIB (?C?FPSERIES)
  D:\KEIL_V5\C51\LIB\C51L.LIB (?C_STARTUP)
  D:\KEIL_V5\C51\LIB\C51L.LIB (?C?COPY)
  D:\KEIL_V5\C51\LIB\C51L.LIB (?C?CLDPTR)
  D:\KEIL_V5\C51\LIB\C51L.LIB (?C?CLDOPTR)
  D:\KEIL_V5\C51\LIB\C51L.LIB (?C?CSTPTR)
  D:\KEIL_V5\C51\LIB\C51L.LIB (?C?CSTOPTR)
  D:\KEIL_V5\C51\LIB\C51L.LIB (?C?SIDIV)
  D:\KEIL_V5\C51\LIB\C51L.LIB (?C?IILDX)
  D:\KEIL_V5\C51\LIB\C51L.LIB (?C?ILDIX)
  D:\KEIL_V5\C51\LIB\C51L.LIB (?C?LMUL)
  D:\KEIL_V5\C51\LIB\C51L.LIB (?C?ULDIV)
  D:\KEIL_V5\C51\LIB\C51L.LIB (?C?LNOT)
  D:\KEIL_V5\C51\LIB\C51L.LIB (?C?LNEG)
  D:\KEIL_V5\C51\LIB\C51L.LIB (?C?ULCMP)
  D:\KEIL_V5\C51\LIB\C51L.LIB (?C?ULSHR)
  D:\KEIL_V5\C51\LIB\C51L.LIB (?C?LSHL)
  D:\KEIL_V5\C51\LIB\C51L.LIB (?C?LLDCODE)
  D:\KEIL_V5\C51\LIB\C51L.LIB (?C?LLDCODE0)
  D:\KEIL_V5\C51\LIB\C51L.LIB (?C?LSTXDATA)
  D:\KEIL_V5\C51\LIB\C51L.LIB (?C?LSTKXDATA)
  D:\KEIL_V5\C51\LIB\C51L.LIB (?C_INIT)
  D:\KEIL_V5\C51\LIB\C51L.LIB (?C?UIDIV)


LINK MAP OF MODULE:  .\Obj\智能温湿度计 (MAIN)


BL51 BANKED LINKER/LOCATER V6.22                                                      02/16/2021  21:59:40  PAGE 2


            TYPE    BASE      LENGTH    RELOCATION   SEGMENT NAME
            -----------------------------------------------------

            * * * * * * *   D A T A   M E M O R Y   * * * * * * *
            REG     0000H     0008H     ABSOLUTE     "REG BANK 0"
                    0008H     0018H                  *** GAP ***
            BIT     0020H.0   0000H.1   UNIT         ?BI?USER_I2C
            BIT     0020H.1   0000H.1   UNIT         ?BI?USER_KEY
            BIT     0020H.2   0000H.1   UNIT         ?BI?UART_1
            BIT     0020H.3   0000H.1   UNIT         ?BI?UART_2
                    0020H.4   0000H.4                *** GAP ***
            IDATA   0021H     0001H     UNIT         ?STACK

            * * * * * * *  X D A T A   M E M O R Y  * * * * * * *
            XDATA   0000H     0078H     UNIT         ?XD?SYSTEM
            XDATA   0078H     0031H     UNIT         _XDATA_GROUP_
            XDATA   00A9H     0012H     UNIT         ?XD?UART_1
            XDATA   00BBH     000EH     UNIT         ?XD?PROTOCOL
            XDATA   00C9H     000CH     UNIT         ?XD?MAIN
            XDATA   00D5H     000BH     UNIT         ?XD?USER_KEY
            XDATA   00E0H     0009H     UNIT         ?XD?_MY_MEMSET?MCU_API
            XDATA   00E9H     0009H     UNIT         ?XD?_MY_STRCPY?MCU_API
            XDATA   00F2H     0008H     UNIT         ?XD?USER_TIMER
            XDATA   00FAH     0007H     UNIT         ?XD?_MCU_DP_FAULT_UPDATE?MCU_API
            XDATA   0101H     0006H     UNIT         ?XD?_MY_STRCMP?MCU_API
            XDATA   0107H     0006H     UNIT         ?XD?_MCU_DP_RAW_UPDATE?MCU_API
            XDATA   010DH     0006H     UNIT         ?XD?_MCU_DP_STRING_UPDATE?MCU_API
            XDATA   0113H     0005H     UNIT         ?XD?_UART_RECEIVE_BUFF_INPUT?MCU_API
            XDATA   0118H     0004H     UNIT         ?XD?_INT_TO_BYTE?MCU_API
            XDATA   011CH     0003H     UNIT         ?XD?_SEND_STR2?UART_2
            XDATA   011FH     0002H     UNIT         ?XD?MCU_API

            * * * * * * *   C O D E   M E M O R Y   * * * * * * *
            CODE    0000H     0003H     ABSOLUTE     
            CODE    0003H     0008H     UNIT         ?PR?_SEND_DATA2?UART_2
            CODE    000BH     0003H     ABSOLUTE     
            CODE    000EH     0015H     UNIT         ?PR?WIFI_PROTOCOL_INIT?MCU_API
            CODE    0023H     0003H     ABSOLUTE     
            CODE    0026H     001CH     UNIT         ?PR?SENDACK?USER_I2C
                    0042H     0001H                  *** GAP ***
            CODE    0043H     0003H     ABSOLUTE     
            CODE    0046H     007DH     UNIT         ?PR?_DATA_POINT_HANDLE?SYSTEM
            CODE    00C3H     0003H     ABSOLUTE     
            CODE    00C6H     1038H     UNIT         ?CO?CODETAB
            CODE    10FEH     079DH     UNIT         ?C?LIB_CODE
            CODE    189BH     021EH     UNIT         ?PR?SHT30_READ?USER_SHT30
            CODE    1AB9H     01C4H     UNIT         ?PR?WIFI_UART_SERVICE?MCU_API
            CODE    1C7DH     0139H     UNIT         ?PR?_DATA_HANDLE?SYSTEM
            CODE    1DB6H     0133H     UNIT         ?PR?KEY_SCAN?USER_KEY
            CODE    1EE9H     011EH     UNIT         ?PR?_MCU_DP_FAULT_UPDATE?MCU_API
            CODE    2007H     011BH     UNIT         ?PR?_OLED_SHOWNUM?USER_OLED
            CODE    2122H     010FH     UNIT         ?PR?_MY_MEMCPY?MCU_API
            CODE    2231H     010DH     UNIT         ?PR?WIFI_WORK_STATE_LED?MAIN
            CODE    233EH     00FBH     UNIT         ?PR?PRODUCT_INFO_UPDATE?SYSTEM
            CODE    2439H     00F4H     UNIT         ?PR?OLED_INIT?USER_OLED
            CODE    252DH     00E3H     UNIT         ?PR?MCU_API
            CODE    2610H     00DAH     UNIT         ?PR?BOOT_ANIMATION?MAIN
BL51 BANKED LINKER/LOCATER V6.22                                                      02/16/2021  21:59:40  PAGE 3


            CODE    26EAH     00D5H     UNIT         ?PR?ALL_DATA_UPDATE?PROTOCOL
            CODE    27BFH     00CFH     UNIT         ?PR?_DP_DOWNLOAD_HANDLE?PROTOCOL
            CODE    288EH     00BAH     UNIT         ?PR?_OLED_SHOWCHAR?USER_OLED
            CODE    2948H     00B3H     UNIT         ?PR?TIMER0_ISR_HANDLE?USER_TIMER
            CODE    29FBH     009AH     UNIT         ?PR?EXP?EXP
            CODE    2A95H     0092H     UNIT         ?PR?_OLED_DRAWBMP?USER_OLED
            CODE    2B27H     008CH     UNIT         ?C_C51STARTUP
            CODE    2BB3H     0086H     UNIT         ?PR?_BYTE_TO_INT?MCU_API
            CODE    2C39H     0080H     UNIT         ?PR?_OLED_SHOWCHINESE?USER_OLED
            CODE    2CB9H     007CH     UNIT         ?PR?_MCU_DP_VALUE_UPDATE?MCU_API
            CODE    2D35H     007BH     UNIT         ?PR?_UART_RECEIVE_INPUT?MCU_API
            CODE    2DB0H     0072H     UNIT         ?PR?_OLED_SHOWSTR?USER_OLED
            CODE    2E22H     0072H     UNIT         ?PR?USER_OLED
            CODE    2E94H     0071H     UNIT         ?PR?_HEX_TO_BCD?MCU_API
            CODE    2F05H     0069H     UNIT         ?PR?_WIFI_UART_WRITE_FRAME?SYSTEM
            CODE    2F6EH     005AH     UNIT         ?PR?_MY_STRCMP?MCU_API
            CODE    2FC8H     0057H     UNIT         ?PR?_DP_DOWNLOAD_SWITCH_HANDLE?PROTOCOL
            CODE    301FH     0056H     UNIT         ?PR?_GET_KEY_PRESS_TIME?USER_KEY
            CODE    3075H     0055H     UNIT         ?PR?_MY_STRLEN?MCU_API
            CODE    30CAH     0054H     UNIT         ?PR?OLED_CLEAR?USER_OLED
            CODE    311EH     0051H     UNIT         ?PR?_MY_STRCPY?MCU_API
            CODE    316FH     004FH     UNIT         ?PR?INT_UART2?UART_2
            CODE    31BEH     004FH     UNIT         ?PR?_SET_WIFI_UART_BUFFER?SYSTEM
            CODE    320DH     004EH     UNIT         ?PR?TAKE_BYTE_RXBUFF?SYSTEM
            CODE    325BH     0048H     UNIT         ?PR?_SHT_CRC?USER_SHT30
            CODE    32A3H     0048H     UNIT         ?PR?_INT_TO_BYTE?MCU_API
            CODE    32EBH     0046H     UNIT         ?PR?_OLED_POW?USER_OLED
            CODE    3331H     0046H     UNIT         ?PR?INT_UART1?UART_1
            CODE    3377H     0045H     UNIT         ?PR?MAIN?MAIN
            CODE    33BCH     0043H     UNIT         ?CO?MAIN
            CODE    33FFH     0041H     UNIT         ?PR?_WIFI_UART_WRITE_DATA?SYSTEM
            CODE    3440H     0040H     UNIT         ?PR?USER_KEY
            CODE    3480H     003BH     UNIT         ?PR?_MCU_DP_RAW_UPDATE?MCU_API
            CODE    34BBH     003BH     UNIT         ?PR?_MCU_DP_STRING_UPDATE?MCU_API
            CODE    34F6H     003BH     UNIT         ?CO?SYSTEM
            CODE    3531H     003AH     UNIT         ?PR?_MCU_DP_BOOL_UPDATE?MCU_API
            CODE    356BH     0039H     UNIT         ?PR?USER_SHT30
            CODE    35A4H     0039H     UNIT         ?PR?_MY_MEMSET?MCU_API
            CODE    35DDH     0038H     UNIT         ?PR?_GET_CHECK_SUM?SYSTEM
            CODE    3615H     0036H     UNIT         ?PR?KEY1_SHORTPRESS_HANDLE?USER_KEY
            CODE    364BH     0035H     UNIT         ?PR?_UART_RECEIVE_BUFF_INPUT?MCU_API
            CODE    3680H     0034H     UNIT         ?PR?_OLED_SETPOS?USER_OLED
            CODE    36B4H     0034H     UNIT         ?PR?_MCU_DP_ENUM_UPDATE?MCU_API
            CODE    36E8H     0033H     UNIT         ?PR?_SEND_STR2?UART_2
            CODE    371BH     0033H     UNIT         ?PR?SYSTEM
            CODE    374EH     0032H     UNIT         ?PR?USER_TIMER
            CODE    3780H     0031H     UNIT         ?C_INITSEG
            CODE    37B1H     002FH     UNIT         ?PR?_GET_DOWMLOAD_DPID_INDEX?SYSTEM
            CODE    37E0H     002DH     UNIT         ?PR?WITH_DATA_RXBUFF?SYSTEM
            CODE    380DH     002CH     UNIT         ?PR?I2C_ISR?USER_I2C
            CODE    3839H     002AH     UNIT         ?PR?KEY_INIT?USER_KEY
            CODE    3863H     0027H     UNIT         ?PR?BSP_INIT?MAIN
            CODE    388AH     0027H     UNIT         ?PR?HEAT_BEAT_CHECK?SYSTEM
            CODE    38B1H     0026H     UNIT         ?PR?TIMER0_INIT?USER_TIMER
            CODE    38D7H     0023H     UNIT         ?PR?PROTOCOL
            CODE    38FAH     0022H     UNIT         ?PR?_OLED_WR_BYTE?USER_OLED
            CODE    391CH     0021H     UNIT         ?PR?MAIN
BL51 BANKED LINKER/LOCATER V6.22                                                      02/16/2021  21:59:40  PAGE 4


            CODE    393DH     0021H     UNIT         ?PR?INIT_UART1?UART_1
            CODE    395EH     0021H     UNIT         ?PR?_SET_WIFI_UART_BYTE?SYSTEM
            CODE    397FH     001FH     UNIT         ?PR?SHT_INIT?USER_SHT30
            CODE    399EH     001EH     UNIT         ?PR?_DP_DOWNLOAD_TEMP_SAMPLING_HANDLE?PROTOCOL
            CODE    39BCH     001EH     UNIT         ?PR?_DP_DOWNLOAD_HUMIDITY_SAMPLING_HANDLE?PROTOCOL
            CODE    39DAH     001EH     UNIT         ?PR?_DP_DOWNLOAD_MAXTEMP_SET_HANDLE?PROTOCOL
            CODE    39F8H     001EH     UNIT         ?PR?_DP_DOWNLOAD_MINITEMP_SET_HANDLE?PROTOCOL
            CODE    3A16H     001EH     UNIT         ?PR?_DP_DOWNLOAD_MAXHUM_SET_HANDLE?PROTOCOL
            CODE    3A34H     001EH     UNIT         ?PR?_DP_DOWNLOAD_MINIHUM_SET_HANDLE?PROTOCOL
            CODE    3A52H     001EH     UNIT         ?PR?_DP_DOWNLOAD_TEMP_PERIODIC_REPORT_HANDLE?PROTOCOL
            CODE    3A70H     001EH     UNIT         ?PR?_DP_DOWNLOAD_HUM_PERIODIC_REPORT_HANDLE?PROTOCOL
            CODE    3A8EH     001EH     UNIT         ?PR?_DP_DOWNLOAD_TEMP_SENSITIVITY_HANDLE?PROTOCOL
            CODE    3AACH     001EH     UNIT         ?PR?_DP_DOWNLOAD_HUM_SENSITIVITY_HANDLE?PROTOCOL
            CODE    3ACAH     001EH     UNIT         ?PR?_DP_DOWNLOAD_TEMP_SET_HANDLE?PROTOCOL
            CODE    3AE8H     0019H     UNIT         ?PR?KEY1_LONGPRESS_HANDLE?USER_KEY
            CODE    3B01H     0017H     UNIT         ?PR?_DELAY_MS?DELAY
            CODE    3B18H     0017H     UNIT         ?PR?_MCU_SET_WIFI_MODE?MCU_API
            CODE    3B2FH     0014H     UNIT         ?CO?USER_KEY
            CODE    3B43H     0014H     UNIT         ?PR?_DP_DOWNLOAD_TEMP_UNIT_CONVERT_HANDLE?PROTOCOL
            CODE    3B57H     0011H     UNIT         ?PR?_SENDDATA?USER_I2C
            CODE    3B68H     0011H     UNIT         ?PR?RECVDATA?USER_I2C
            CODE    3B79H     000FH     UNIT         ?PR?I2C_INIT?USER_I2C
            CODE    3B88H     000EH     UNIT         ?PR?MCU_RESET_WIFI?MCU_API
            CODE    3B96H     000DH     UNIT         ?PR?USER_I2C
            CODE    3BA3H     000CH     UNIT         ?PR?START?USER_I2C
            CODE    3BAFH     000CH     UNIT         ?PR?STOP?USER_I2C
            CODE    3BBBH     000CH     UNIT         ?PR?_MCU_GET_DP_DOWNLOAD_VALUE?MCU_API
            CODE    3BC7H     000BH     UNIT         ?PR?_WRITECMD?USER_I2C
            CODE    3BD2H     000BH     UNIT         ?PR?_WRITEDAT?USER_I2C
            CODE    3BDDH     000AH     UNIT         ?PR?GET_MCU_WIFI_MODE?SYSTEM
            CODE    3BE7H     0009H     UNIT         ?PR?INIT_UART2?UART_2
            CODE    3BF0H     0009H     UNIT         ?CO?PROTOCOL
            CODE    3BF9H     0007H     UNIT         ?PR?_MCU_GET_DP_DOWNLOAD_BOOL?MCU_API
            CODE    3C00H     0007H     UNIT         ?PR?_MCU_GET_DP_DOWNLOAD_ENUM?MCU_API
            CODE    3C07H     0006H     UNIT         ?CO?USER_SHT30
            CODE    3C0DH     0006H     UNIT         ?PR?MCU_GET_RESET_WIFI_FLAG?MCU_API
            CODE    3C13H     0006H     UNIT         ?PR?MCU_GET_WIFIMODE_FLAG?MCU_API
            CODE    3C19H     0006H     UNIT         ?PR?MCU_GET_WIFI_WORK_STATE?MCU_API
            CODE    3C1FH     0005H     UNIT         ?PR?GET_COUNT_VALUE?USER_TIMER
            CODE    3C24H     0003H     UNIT         ?PR?READ_SENSOR?MAIN
            CODE    3C27H     0003H     UNIT         ?PR?_UART_TRANSMIT_OUTPUT?PROTOCOL
            CODE    3C2AH     0003H     UNIT         ?PR?GET_DOWNLOAD_CMD_TOTAL?PROTOCOL



OVERLAY MAP OF MODULE:   .\Obj\智能温湿度计 (MAIN)


SEGMENT                                            XDATA_GROUP
  +--> CALLED SEGMENT                            START    LENGTH
----------------------------------------------------------------
?PR?TIMER0_ISR_HANDLE?USER_TIMER                 -----    -----
  +--> ?PR?USER_TIMER

*** NEW ROOT ***************************************************

?PR?INT_UART2?UART_2                             -----    -----
BL51 BANKED LINKER/LOCATER V6.22                                                      02/16/2021  21:59:40  PAGE 5


  +--> ?PR?_UART_RECEIVE_INPUT?MCU_API

?PR?_UART_RECEIVE_INPUT?MCU_API                  0078H    0001H
  +--> ?PR?MCU_API

*** NEW ROOT ***************************************************

?C_C51STARTUP                                    -----    -----
  +--> ?PR?MAIN?MAIN
  +--> ?C_INITSEG

?PR?MAIN?MAIN                                    -----    -----
  +--> ?PR?BSP_INIT?MAIN
  +--> ?PR?BOOT_ANIMATION?MAIN
  +--> ?PR?READ_SENSOR?MAIN
  +--> ?PR?WIFI_UART_SERVICE?MCU_API
  +--> ?PR?KEY_SCAN?USER_KEY
  +--> ?PR?WIFI_WORK_STATE_LED?MAIN
  +--> ?PR?MAIN
  +--> ?CO?CODETAB
  +--> ?PR?_OLED_DRAWBMP?USER_OLED
  +--> ?PR?SHT30_READ?USER_SHT30
  +--> ?PR?_DELAY_MS?DELAY
  +--> ?PR?_OLED_SHOWSTR?USER_OLED

?PR?BSP_INIT?MAIN                                -----    -----
  +--> ?PR?INIT_UART2?UART_2
  +--> ?PR?INIT_UART1?UART_1
  +--> ?PR?WIFI_PROTOCOL_INIT?MCU_API
  +--> ?PR?I2C_INIT?USER_I2C
  +--> ?PR?SHT_INIT?USER_SHT30
  +--> ?PR?TIMER0_INIT?USER_TIMER
  +--> ?PR?KEY_INIT?USER_KEY
  +--> ?PR?OLED_INIT?USER_OLED
  +--> ?PR?OLED_CLEAR?USER_OLED

?PR?WIFI_PROTOCOL_INIT?MCU_API                   -----    -----
  +--> ?PR?MCU_API

?PR?SHT_INIT?USER_SHT30                          -----    -----
  +--> ?PR?START?USER_I2C
  +--> ?PR?_SENDDATA?USER_I2C
  +--> ?PR?SENDACK?USER_I2C
  +--> ?PR?STOP?USER_I2C

?PR?SENDACK?USER_I2C                             -----    -----
  +--> ?PR?_SENDDATA?USER_I2C

?PR?KEY_INIT?USER_KEY                            -----    -----
  +--> ?PR?KEY1_LONGPRESS_HANDLE?USER_KEY
  +--> ?PR?KEY1_SHORTPRESS_HANDLE?USER_KEY

?PR?KEY1_LONGPRESS_HANDLE?USER_KEY               -----    -----
  +--> ?CO?USER_KEY
  +--> ?PR?USER_KEY
  +--> ?PR?_OLED_SHOWSTR?USER_OLED
  +--> ?PR?MCU_RESET_WIFI?MCU_API
BL51 BANKED LINKER/LOCATER V6.22                                                      02/16/2021  21:59:40  PAGE 6


  +--> ?PR?MCU_GET_WIFI_WORK_STATE?MCU_API

?PR?USER_KEY                                     -----    -----
  +--> ?CO?USER_KEY

?PR?_OLED_SHOWSTR?USER_OLED                      0096H    0007H
  +--> ?PR?USER_OLED
  +--> ?PR?_OLED_SHOWCHAR?USER_OLED

?PR?_OLED_SHOWCHAR?USER_OLED                     009DH    0006H
  +--> ?PR?USER_OLED
  +--> ?CO?CODETAB
  +--> ?PR?_OLED_SETPOS?USER_OLED
  +--> ?PR?_OLED_WR_BYTE?USER_OLED

?PR?_OLED_SETPOS?USER_OLED                       00A3H    0001H
  +--> ?PR?_OLED_WR_BYTE?USER_OLED

?PR?_OLED_WR_BYTE?USER_OLED                      00A4H    0002H
  +--> ?PR?_WRITECMD?USER_I2C
  +--> ?PR?_WRITEDAT?USER_I2C

?PR?_WRITECMD?USER_I2C                           -----    -----
  +--> ?PR?USER_I2C
  +--> ?PR?SENDACK?USER_I2C
  +--> ?PR?STOP?USER_I2C

?PR?USER_I2C                                     -----    -----
  +--> ?PR?START?USER_I2C
  +--> ?PR?_SENDDATA?USER_I2C
  +--> ?PR?SENDACK?USER_I2C

?PR?_WRITEDAT?USER_I2C                           -----    -----
  +--> ?PR?USER_I2C
  +--> ?PR?SENDACK?USER_I2C
  +--> ?PR?STOP?USER_I2C

?PR?MCU_RESET_WIFI?MCU_API                       -----    -----
  +--> ?PR?_WIFI_UART_WRITE_FRAME?SYSTEM

?PR?_WIFI_UART_WRITE_FRAME?SYSTEM                009EH    0002H
  +--> ?PR?_GET_CHECK_SUM?SYSTEM
  +--> ?PR?_WIFI_UART_WRITE_DATA?SYSTEM

?PR?_GET_CHECK_SUM?SYSTEM                        00A0H    0006H
  +--> ?PR?SYSTEM

?PR?_WIFI_UART_WRITE_DATA?SYSTEM                 00A0H    0005H
  +--> ?PR?SYSTEM
  +--> ?PR?_UART_TRANSMIT_OUTPUT?PROTOCOL

?PR?_UART_TRANSMIT_OUTPUT?PROTOCOL               -----    -----
  +--> ?PR?_SEND_DATA2?UART_2

?PR?KEY1_SHORTPRESS_HANDLE?USER_KEY              -----    -----
  +--> ?PR?MCU_GET_WIFI_WORK_STATE?MCU_API
  +--> ?CO?CODETAB
BL51 BANKED LINKER/LOCATER V6.22                                                      02/16/2021  21:59:40  PAGE 7


  +--> ?PR?_OLED_DRAWBMP?USER_OLED
  +--> ?PR?SHT30_READ?USER_SHT30
  +--> ?PR?_DELAY_MS?DELAY
  +--> ?PR?USER_KEY
  +--> ?PR?_OLED_SHOWSTR?USER_OLED

?PR?_OLED_DRAWBMP?USER_OLED                      007DH    000BH
  +--> ?PR?_OLED_SETPOS?USER_OLED
  +--> ?PR?USER_OLED
  +--> ?PR?_OLED_WR_BYTE?USER_OLED

?PR?SHT30_READ?USER_SHT30                        007DH    0012H
  +--> ?PR?START?USER_I2C
  +--> ?PR?_SENDDATA?USER_I2C
  +--> ?PR?SENDACK?USER_I2C
  +--> ?PR?RECVDATA?USER_I2C
  +--> ?PR?STOP?USER_I2C
  +--> ?PR?_SHT_CRC?USER_SHT30
  +--> ?PR?USER_SHT30
  +--> ?PR?EXP?EXP
  +--> ?PR?_MCU_DP_VALUE_UPDATE?MCU_API
  +--> ?PR?_OLED_SHOWNUM?USER_OLED
  +--> ?PR?_OLED_SHOWCHAR?USER_OLED
  +--> ?PR?_OLED_SHOWCHINESE?USER_OLED
  +--> ?CO?USER_SHT30
  +--> ?PR?_OLED_SHOWSTR?USER_OLED

?PR?_SHT_CRC?USER_SHT30                          008FH    0004H

?PR?_MCU_DP_VALUE_UPDATE?MCU_API                 0099H    0005H
  +--> ?PR?MCU_API
  +--> ?PR?_SET_WIFI_UART_BYTE?SYSTEM
  +--> ?PR?_WIFI_UART_WRITE_FRAME?SYSTEM

?PR?_SET_WIFI_UART_BYTE?SYSTEM                   009EH    0002H
  +--> ?PR?SYSTEM

?PR?_OLED_SHOWNUM?USER_OLED                      008FH    000AH
  +--> ?PR?USER_OLED
  +--> ?PR?_OLED_SHOWCHAR?USER_OLED
  +--> ?PR?_OLED_POW?USER_OLED

?PR?_OLED_POW?USER_OLED                          0099H    0006H
  +--> ?PR?USER_OLED

?PR?_OLED_SHOWCHINESE?USER_OLED                  008FH    0005H
  +--> ?PR?_OLED_SETPOS?USER_OLED
  +--> ?CO?CODETAB
  +--> ?PR?USER_OLED
  +--> ?PR?_OLED_WR_BYTE?USER_OLED

?PR?OLED_INIT?USER_OLED                          -----    -----
  +--> ?PR?_DELAY_MS?DELAY
  +--> ?PR?_OLED_WR_BYTE?USER_OLED

?PR?OLED_CLEAR?USER_OLED                         0079H    0002H
  +--> ?PR?_OLED_WR_BYTE?USER_OLED
BL51 BANKED LINKER/LOCATER V6.22                                                      02/16/2021  21:59:40  PAGE 8



?PR?BOOT_ANIMATION?MAIN                          -----    -----
  +--> ?PR?MAIN
  +--> ?CO?CODETAB
  +--> ?PR?_OLED_DRAWBMP?USER_OLED
  +--> ?PR?_DELAY_MS?DELAY
  +--> ?PR?OLED_CLEAR?USER_OLED
  +--> ?CO?MAIN
  +--> ?PR?_OLED_SHOWSTR?USER_OLED
  +--> ?PR?_OLED_SHOWCHINESE?USER_OLED

?PR?MAIN                                         -----    -----
  +--> ?CO?MAIN

?PR?READ_SENSOR?MAIN                             -----    -----
  +--> ?PR?SHT30_READ?USER_SHT30

?PR?WIFI_UART_SERVICE?MCU_API                    0079H    0004H
  +--> ?PR?WITH_DATA_RXBUFF?SYSTEM
  +--> ?PR?TAKE_BYTE_RXBUFF?SYSTEM
  +--> ?PR?MCU_API
  +--> ?PR?_GET_CHECK_SUM?SYSTEM
  +--> ?PR?_DATA_HANDLE?SYSTEM
  +--> ?PR?_MY_MEMCPY?MCU_API

?PR?WITH_DATA_RXBUFF?SYSTEM                      -----    -----
  +--> ?PR?SYSTEM

?PR?TAKE_BYTE_RXBUFF?SYSTEM                      -----    -----
  +--> ?PR?SYSTEM

?PR?_DATA_HANDLE?SYSTEM                          007DH    000AH
  +--> ?PR?HEAT_BEAT_CHECK?SYSTEM
  +--> ?PR?PRODUCT_INFO_UPDATE?SYSTEM
  +--> ?PR?GET_MCU_WIFI_MODE?SYSTEM
  +--> ?PR?_WIFI_UART_WRITE_FRAME?SYSTEM
  +--> ?PR?_DATA_POINT_HANDLE?SYSTEM
  +--> ?PR?ALL_DATA_UPDATE?PROTOCOL

?PR?HEAT_BEAT_CHECK?SYSTEM                       -----    -----
  +--> ?PR?_SET_WIFI_UART_BYTE?SYSTEM
  +--> ?PR?_WIFI_UART_WRITE_FRAME?SYSTEM

?PR?PRODUCT_INFO_UPDATE?SYSTEM                   0087H    000BH
  +--> ?CO?SYSTEM
  +--> ?PR?_MY_STRLEN?MCU_API
  +--> ?PR?_SET_WIFI_UART_BUFFER?SYSTEM
  +--> ?PR?_WIFI_UART_WRITE_FRAME?SYSTEM

?PR?_MY_STRLEN?MCU_API                           0092H    0007H
  +--> ?PR?MCU_API

?PR?_SET_WIFI_UART_BUFFER?SYSTEM                 0092H    0007H
  +--> ?PR?SYSTEM
  +--> ?PR?_MY_MEMCPY?MCU_API

?PR?_MY_MEMCPY?MCU_API                           0099H    0010H
BL51 BANKED LINKER/LOCATER V6.22                                                      02/16/2021  21:59:40  PAGE 9


  +--> ?PR?MCU_API

?PR?GET_MCU_WIFI_MODE?SYSTEM                     -----    -----
  +--> ?PR?_WIFI_UART_WRITE_FRAME?SYSTEM

?PR?_DATA_POINT_HANDLE?SYSTEM                    0087H    0007H
  +--> ?PR?SYSTEM
  +--> ?PR?_GET_DOWMLOAD_DPID_INDEX?SYSTEM
  +--> ?PR?_DP_DOWNLOAD_HANDLE?PROTOCOL

?PR?_GET_DOWMLOAD_DPID_INDEX?SYSTEM              008EH    0001H
  +--> ?PR?GET_DOWNLOAD_CMD_TOTAL?PROTOCOL

?PR?_DP_DOWNLOAD_HANDLE?PROTOCOL                 008EH    0007H
  +--> ?PR?PROTOCOL
  +--> ?PR?_DP_DOWNLOAD_TEMP_SAMPLING_HANDLE...
  +--> ?PR?_DP_DOWNLOAD_HUMIDITY_SAMPLING_HA...
  +--> ?PR?_DP_DOWNLOAD_TEMP_UNIT_CONVERT_HA...
  +--> ?PR?_DP_DOWNLOAD_MAXTEMP_SET_HANDLE?P...
  +--> ?PR?_DP_DOWNLOAD_MINITEMP_SET_HANDLE?...
  +--> ?PR?_DP_DOWNLOAD_MAXHUM_SET_HANDLE?PR...
  +--> ?PR?_DP_DOWNLOAD_MINIHUM_SET_HANDLE?P...
  +--> ?PR?_DP_DOWNLOAD_TEMP_PERIODIC_REPORT...
  +--> ?PR?_DP_DOWNLOAD_HUM_PERIODIC_REPORT_...
  +--> ?PR?_DP_DOWNLOAD_TEMP_SENSITIVITY_HAN...
  +--> ?PR?_DP_DOWNLOAD_HUM_SENSITIVITY_HAND...
  +--> ?PR?_DP_DOWNLOAD_SWITCH_HANDLE?PROTOCOL
  +--> ?PR?_DP_DOWNLOAD_TEMP_SET_HANDLE?PROT...

?PR?_DP_DOWNLOAD_TEMP_SAMPLING_HANDLE...         0095H    0004H
  +--> ?PR?_MCU_GET_DP_DOWNLOAD_VALUE?MCU_API
  +--> ?PR?PROTOCOL
  +--> ?PR?_MCU_DP_VALUE_UPDATE?MCU_API

?PR?_MCU_GET_DP_DOWNLOAD_VALUE?MCU_API           0099H    0002H
  +--> ?PR?_BYTE_TO_INT?MCU_API

?PR?_BYTE_TO_INT?MCU_API                         009BH    0007H
  +--> ?PR?MCU_API

?PR?_DP_DOWNLOAD_HUMIDITY_SAMPLING_HA...         0095H    0004H
  +--> ?PR?_MCU_GET_DP_DOWNLOAD_VALUE?MCU_API
  +--> ?PR?PROTOCOL
  +--> ?PR?_MCU_DP_VALUE_UPDATE?MCU_API

?PR?_DP_DOWNLOAD_TEMP_UNIT_CONVERT_HA...         -----    -----
  +--> ?PR?_MCU_GET_DP_DOWNLOAD_ENUM?MCU_API
  +--> ?PR?_MCU_DP_ENUM_UPDATE?MCU_API

?PR?_MCU_GET_DP_DOWNLOAD_ENUM?MCU_API            0095H    0002H
  +--> ?PR?MCU_API

?PR?_MCU_DP_ENUM_UPDATE?MCU_API                  0095H    0001H
  +--> ?PR?MCU_API
  +--> ?PR?_SET_WIFI_UART_BYTE?SYSTEM
  +--> ?PR?_WIFI_UART_WRITE_FRAME?SYSTEM

BL51 BANKED LINKER/LOCATER V6.22                                                      02/16/2021  21:59:40  PAGE 10


?PR?_DP_DOWNLOAD_MAXTEMP_SET_HANDLE?P...         0095H    0004H
  +--> ?PR?_MCU_GET_DP_DOWNLOAD_VALUE?MCU_API
  +--> ?PR?PROTOCOL
  +--> ?PR?_MCU_DP_VALUE_UPDATE?MCU_API

?PR?_DP_DOWNLOAD_MINITEMP_SET_HANDLE?...         0095H    0004H
  +--> ?PR?_MCU_GET_DP_DOWNLOAD_VALUE?MCU_API
  +--> ?PR?PROTOCOL
  +--> ?PR?_MCU_DP_VALUE_UPDATE?MCU_API

?PR?_DP_DOWNLOAD_MAXHUM_SET_HANDLE?PR...         0095H    0004H
  +--> ?PR?_MCU_GET_DP_DOWNLOAD_VALUE?MCU_API
  +--> ?PR?PROTOCOL
  +--> ?PR?_MCU_DP_VALUE_UPDATE?MCU_API

?PR?_DP_DOWNLOAD_MINIHUM_SET_HANDLE?P...         0095H    0004H
  +--> ?PR?_MCU_GET_DP_DOWNLOAD_VALUE?MCU_API
  +--> ?PR?PROTOCOL
  +--> ?PR?_MCU_DP_VALUE_UPDATE?MCU_API

?PR?_DP_DOWNLOAD_TEMP_PERIODIC_REPORT...         0095H    0004H
  +--> ?PR?_MCU_GET_DP_DOWNLOAD_VALUE?MCU_API
  +--> ?PR?PROTOCOL
  +--> ?PR?_MCU_DP_VALUE_UPDATE?MCU_API

?PR?_DP_DOWNLOAD_HUM_PERIODIC_REPORT_...         0095H    0004H
  +--> ?PR?_MCU_GET_DP_DOWNLOAD_VALUE?MCU_API
  +--> ?PR?PROTOCOL
  +--> ?PR?_MCU_DP_VALUE_UPDATE?MCU_API

?PR?_DP_DOWNLOAD_TEMP_SENSITIVITY_HAN...         0095H    0004H
  +--> ?PR?_MCU_GET_DP_DOWNLOAD_VALUE?MCU_API
  +--> ?PR?PROTOCOL
  +--> ?PR?_MCU_DP_VALUE_UPDATE?MCU_API

?PR?_DP_DOWNLOAD_HUM_SENSITIVITY_HAND...         0095H    0004H
  +--> ?PR?_MCU_GET_DP_DOWNLOAD_VALUE?MCU_API
  +--> ?PR?PROTOCOL
  +--> ?PR?_MCU_DP_VALUE_UPDATE?MCU_API

?PR?_DP_DOWNLOAD_SWITCH_HANDLE?PROTOCOL          0095H    0001H
  +--> ?PR?_MCU_GET_DP_DOWNLOAD_BOOL?MCU_API
  +--> ?CO?PROTOCOL
  +--> ?PR?_OLED_SHOWSTR?USER_OLED
  +--> ?PR?_DELAY_MS?DELAY
  +--> ?PR?_MCU_DP_BOOL_UPDATE?MCU_API

?PR?_MCU_GET_DP_DOWNLOAD_BOOL?MCU_API            0096H    0002H
  +--> ?PR?MCU_API

?PR?_MCU_DP_BOOL_UPDATE?MCU_API                  0096H    0001H
  +--> ?PR?MCU_API
  +--> ?PR?_SET_WIFI_UART_BYTE?SYSTEM
  +--> ?PR?_WIFI_UART_WRITE_FRAME?SYSTEM

?PR?_DP_DOWNLOAD_TEMP_SET_HANDLE?PROT...         0095H    0004H
  +--> ?PR?_MCU_GET_DP_DOWNLOAD_VALUE?MCU_API
BL51 BANKED LINKER/LOCATER V6.22                                                      02/16/2021  21:59:40  PAGE 11


  +--> ?PR?PROTOCOL
  +--> ?PR?_MCU_DP_VALUE_UPDATE?MCU_API

?PR?ALL_DATA_UPDATE?PROTOCOL                     -----    -----
  +--> ?PR?PROTOCOL
  +--> ?PR?_MCU_DP_VALUE_UPDATE?MCU_API
  +--> ?PR?_MCU_DP_ENUM_UPDATE?MCU_API
  +--> ?PR?_MCU_DP_BOOL_UPDATE?MCU_API

?PR?KEY_SCAN?USER_KEY                            0079H    0004H
  +--> ?PR?KEY1_LONGPRESS_HANDLE?USER_KEY
  +--> ?PR?USER_KEY
  +--> ?PR?_OLED_SHOWSTR?USER_OLED
  +--> ?CO?USER_KEY
  +--> ?PR?GET_COUNT_VALUE?USER_TIMER
  +--> ?PR?KEY1_SHORTPRESS_HANDLE?USER_KEY
  +--> ?PR?_MCU_DP_BOOL_UPDATE?MCU_API
  +--> ?PR?_DELAY_MS?DELAY
  +--> ?PR?_GET_KEY_PRESS_TIME?USER_KEY

?PR?GET_COUNT_VALUE?USER_TIMER                   -----    -----
  +--> ?PR?USER_TIMER

?PR?_GET_KEY_PRESS_TIME?USER_KEY                 007DH    0008H
  +--> ?PR?GET_COUNT_VALUE?USER_TIMER
  +--> ?PR?USER_KEY

?PR?WIFI_WORK_STATE_LED?MAIN                     -----    -----
  +--> ?PR?MCU_GET_WIFI_WORK_STATE?MCU_API
  +--> ?CO?MAIN
  +--> ?PR?MAIN
  +--> ?CO?CODETAB
  +--> ?PR?_OLED_DRAWBMP?USER_OLED
  +--> ?PR?_OLED_SHOWSTR?USER_OLED



SYMBOL TABLE OF MODULE:  .\Obj\智能温湿度计 (MAIN)

  VALUE           TYPE          NAME
  ----------------------------------

  -------         MODULE        MAIN
  C:0000H         SYMBOL        _ICE_DUMMY_
  D:0092H         PUBLIC        P1M0
  D:0093H         PUBLIC        P0M1
  D:0091H         PUBLIC        P1M1
  D:0080H         PUBLIC        P0
  D:0090H         PUBLIC        P1
  D:00A0H         PUBLIC        P2
  D:00B0H         PUBLIC        P3
  D:00C0H         PUBLIC        P4
  D:00C8H         PUBLIC        P5
  D:00E8H         PUBLIC        P6
  B:0080H.0       PUBLIC        LED1
  D:00F8H         PUBLIC        P7
  B:0080H.1       PUBLIC        LED2
BL51 BANKED LINKER/LOCATER V6.22                                                      02/16/2021  21:59:40  PAGE 12


  B:0080H.2       PUBLIC        LED3
  B:0080H.3       PUBLIC        LED4
  B:0080H.4       PUBLIC        LED5
  B:0090H.3       PUBLIC        LED6
  D:00A8H         PUBLIC        IE
  D:00B8H         PUBLIC        IP
  C:3C24H         SYMBOL        read_sensor
  C:3863H         SYMBOL        Bsp_Init
  D:00D8H         PUBLIC        CCON
  C:3377H         PUBLIC        main
  D:0098H         PUBLIC        SCON
  D:0088H         PUBLIC        TCON
  X:00C9H         PUBLIC        wifi_state
  C:2610H         PUBLIC        Boot_animation
  X:00CAH         PUBLIC        FlashBuffer
  X:00D4H         PUBLIC        is_read_time
  C:2231H         PUBLIC        wifi_work_state_led
  D:00D0H         PUBLIC        PSW
  D:0094H         PUBLIC        P0M0
  C:391CH         SYMBOL        Com0017
  C:391CH         SYMBOL        L?0024
  C:391CH         SYMBOL        L?0025
  C:391EH         SYMBOL        L?0026
  C:3921H         SYMBOL        L?0027
  C:3928H         SYMBOL        L?0028
  C:392CH         SYMBOL        L?0029
  C:392EH         SYMBOL        L?0030
  C:3935H         SYMBOL        L?0033
  C:3936H         SYMBOL        L?0034
  -------         PROC          COM0017
  -------         ENDPROC       COM0017
  -------         PROC          BSP_INIT
  C:3863H         LINE#         20
  C:3863H         LINE#         21
  C:3863H         LINE#         22
  C:3868H         LINE#         23
  C:386DH         LINE#         24
  C:386FH         LINE#         25
  C:3872H         LINE#         26
  C:3875H         LINE#         27
  C:3878H         LINE#         28
  C:387BH         LINE#         29
  C:387EH         LINE#         30
  C:3881H         LINE#         31
  C:3884H         LINE#         32
  C:3887H         LINE#         33
  -------         ENDPROC       BSP_INIT
  C:26D6H         SYMBOL        L?0031
  -------         PROC          BOOT_ANIMATION
  C:2610H         LINE#         42
  C:2610H         LINE#         43
  C:2610H         LINE#         44
  C:2624H         LINE#         45
  C:262BH         LINE#         46
  C:262EH         LINE#         47
  C:2646H         LINE#         48
  C:2659H         LINE#         49
BL51 BANKED LINKER/LOCATER V6.22                                                      02/16/2021  21:59:40  PAGE 13


  C:2660H         LINE#         50
  C:2663H         LINE#         52
  C:266CH         LINE#         53
  C:2675H         LINE#         54
  C:267EH         LINE#         55
  C:2687H         LINE#         56
  C:2690H         LINE#         57
  C:2699H         LINE#         59
  C:26A2H         LINE#         60
  C:26A4H         LINE#         61
  C:26AEH         LINE#         62
  C:26C1H         LINE#         64
  C:26CAH         LINE#         65
  C:26CCH         LINE#         66
  C:26D6H         LINE#         67
  -------         ENDPROC       BOOT_ANIMATION
  C:230CH         SYMBOL        L?0022
  C:232AH         SYMBOL        L?0032
  C:2335H         SYMBOL        L?0035
  -------         PROC          WIFI_WORK_STATE_LED
  C:2231H         LINE#         77
  C:2231H         LINE#         78
  C:2231H         LINE#         79
  C:2239H         LINE#         80
  C:225DH         LINE#         81
  C:225DH         LINE#         82
  C:225DH         LINE#         83
  C:2261H         LINE#         84
  C:2264H         LINE#         85
  C:2267H         LINE#         86
  C:2269H         LINE#         87
  C:226AH         LINE#         89
  C:226AH         LINE#         90
  C:226EH         LINE#         91
  C:2271H         LINE#         92
  C:2274H         LINE#         93
  C:2276H         LINE#         94
  C:2277H         LINE#         96
  C:2277H         LINE#         97
  C:2280H         LINE#         99
  C:2282H         LINE#         101
  C:2282H         LINE#         102
  C:2290H         LINE#         103
  C:2297H         LINE#         104
  C:229AH         LINE#         105
  C:229CH         LINE#         106
  C:229DH         LINE#         108
  C:229DH         LINE#         109
  C:22AFH         LINE#         110
  C:22B8H         LINE#         112
  C:22BBH         LINE#         113
  C:22BDH         LINE#         114
  C:22BFH         LINE#         115
  C:22C0H         LINE#         117
  C:22C0H         LINE#         118
  C:22CFH         LINE#         120
  C:22CFH         LINE#         122
BL51 BANKED LINKER/LOCATER V6.22                                                      02/16/2021  21:59:40  PAGE 14


  C:22CFH         LINE#         123
  C:22DFH         LINE#         124
  C:22E6H         LINE#         125
  C:22E6H         LINE#         126
  C:22E6H         LINE#         127
  C:22E8H         LINE#         129
  C:22E8H         LINE#         130
  C:22F6H         LINE#         132
  C:2306H         LINE#         133
  C:2309H         LINE#         134
  C:230BH         LINE#         135
  C:230BH         LINE#         136
  C:230BH         LINE#         137
  -------         ENDPROC       WIFI_WORK_STATE_LED
  -------         PROC          READ_SENSOR
  C:3C24H         LINE#         145
  C:3C24H         LINE#         146
  C:3C24H         LINE#         148
  -------         ENDPROC       READ_SENSOR
  -------         PROC          MAIN
  C:3377H         LINE#         157
  C:3377H         LINE#         158
  C:3377H         LINE#         159
  C:337AH         LINE#         160
  C:337DH         LINE#         161
  C:3380H         LINE#         162
  C:3380H         LINE#         163
  C:3380H         LINE#         164
  C:3383H         LINE#         165
  C:3386H         LINE#         166
  C:3389H         LINE#         167
  C:3390H         LINE#         168
  C:3390H         LINE#         170
  C:3392H         LINE#         171
  C:33A1H         LINE#         172
  C:33A4H         LINE#         174
  C:33ABH         LINE#         175
  C:33B5H         LINE#         176
  C:33BAH         LINE#         177
  C:33BAH         LINE#         178
  -------         ENDPROC       MAIN
  -------         ENDMOD        MAIN

  -------         MODULE        USER_I2C
  C:0000H         SYMBOL        _ICE_DUMMY_
  D:0080H         PUBLIC        P0
  D:0090H         PUBLIC        P1
  D:00A0H         PUBLIC        P2
  D:00B0H         PUBLIC        P3
  D:00C0H         PUBLIC        P4
  D:00C8H         PUBLIC        P5
  D:00E8H         PUBLIC        P6
  D:00F8H         PUBLIC        P7
  C:3B57H         PUBLIC        _SendData
  D:00BAH         PUBLIC        P_SW2
  D:00A8H         PUBLIC        IE
  C:3B68H         PUBLIC        RecvData
BL51 BANKED LINKER/LOCATER V6.22                                                      02/16/2021  21:59:40  PAGE 15


  C:3BA3H         PUBLIC        Start
  D:00B8H         PUBLIC        IP
  C:3BC7H         PUBLIC        _WriteCmd
  D:00D8H         PUBLIC        CCON
  C:3BAFH         PUBLIC        Stop
  C:3BD2H         PUBLIC        _WriteDat
  D:0098H         PUBLIC        SCON
  D:0088H         PUBLIC        TCON
  C:380DH         PUBLIC        I2C_Isr
  C:3B79H         PUBLIC        I2C_init
  C:0031H         PUBLIC        SendACK
  B:0020H.0       PUBLIC        busy1
  D:00D0H         PUBLIC        PSW
  C:3B96H         SYMBOL        Com0016
  C:3B96H         SYMBOL        L?0023
  -------         PROC          COM0016
  -------         ENDPROC       COM0016
  -------         PROC          I2C_INIT
  C:3B79H         LINE#         23
  C:3B79H         LINE#         24
  C:3B79H         LINE#         25
  C:3B7CH         LINE#         26
  C:3B7CH         LINE#         30
  C:3B82H         LINE#         31
  C:3B87H         LINE#         32
  -------         ENDPROC       I2C_INIT
  -------         PROC          I2C_ISR
  -------         DO            
  D:0007H         SYMBOL        store
  -------         ENDDO         
  C:380DH         LINE#         44
  C:381AH         LINE#         48
  C:381CH         LINE#         49
  C:381FH         LINE#         50
  C:3826H         LINE#         51
  C:3826H         LINE#         52
  C:382AH         LINE#         53
  C:382CH         LINE#         54
  C:382CH         LINE#         55
  C:382EH         LINE#         56
  -------         ENDPROC       I2C_ISR
  -------         PROC          START
  C:3BA3H         LINE#         64
  C:3BA3H         LINE#         65
  C:3BA3H         LINE#         66
  C:3BA5H         LINE#         67
  C:3BABH         LINE#         68
  C:3BAEH         LINE#         69
  -------         ENDPROC       START
  -------         PROC          _SENDDATA
  D:0007H         SYMBOL        dat
  C:3B57H         LINE#         77
  C:3B57H         LINE#         78
  C:3B57H         LINE#         79
  C:3B5CH         LINE#         80
  C:3B5EH         LINE#         81
  C:3B64H         LINE#         82
BL51 BANKED LINKER/LOCATER V6.22                                                      02/16/2021  21:59:40  PAGE 16


  C:3B67H         LINE#         83
  -------         ENDPROC       _SENDDATA
  -------         PROC          RECVDATA
  C:3B68H         LINE#         105
  C:3B68H         LINE#         106
  C:3B68H         LINE#         107
  C:3B6AH         LINE#         108
  C:3B70H         LINE#         109
  C:3B73H         LINE#         110
  C:3B78H         LINE#         111
  -------         ENDPROC       RECVDATA
  -------         PROC          L?0021
  -------         ENDPROC       L?0021
  -------         PROC          SENDACK
  C:0031H         LINE#         119
  C:0031H         LINE#         120
  C:0031H         LINE#         121
  C:0036H         LINE#         122
  C:0038H         LINE#         123
  C:003EH         LINE#         124
  C:0041H         LINE#         125
  -------         ENDPROC       SENDACK
  -------         PROC          STOP
  C:3BAFH         LINE#         147
  C:3BAFH         LINE#         148
  C:3BAFH         LINE#         149
  C:3BB1H         LINE#         150
  C:3BB7H         LINE#         151
  C:3BBAH         LINE#         152
  -------         ENDPROC       STOP
  -------         PROC          _WRITECMD
  D:0006H         SYMBOL        command
  D:0005H         SYMBOL        addr
  C:3BC7H         LINE#         267
  C:3BC7H         LINE#         268
  C:3BC7H         LINE#         269
  C:3BC7H         LINE#         270
  C:3BC7H         LINE#         271
  C:3BCAH         LINE#         272
  C:3BCCH         LINE#         273
  C:3BCCH         LINE#         274
  C:3BCCH         LINE#         275
  C:3BCFH         LINE#         276
  -------         ENDPROC       _WRITECMD
  -------         PROC          _WRITEDAT
  D:0006H         SYMBOL        Data
  D:0005H         SYMBOL        addr
  C:3BD2H         LINE#         285
  C:3BD2H         LINE#         286
  C:3BD2H         LINE#         287
  C:3BD2H         LINE#         288
  C:3BD2H         LINE#         289
  C:3BD5H         LINE#         290
  C:3BD7H         LINE#         291
  C:3BD7H         LINE#         292
  C:3BD7H         LINE#         293
  C:3BDAH         LINE#         294
BL51 BANKED LINKER/LOCATER V6.22                                                      02/16/2021  21:59:40  PAGE 17


  -------         ENDPROC       _WRITEDAT
  -------         ENDMOD        USER_I2C

  -------         MODULE        USER_KEY
  C:0000H         SYMBOL        _ICE_DUMMY_
  B:00A0H.3       PUBLIC        K4
  D:0080H         PUBLIC        P0
  D:0090H         PUBLIC        P1
  D:00A0H         PUBLIC        P2
  D:00B0H         PUBLIC        P3
  D:00C0H         PUBLIC        P4
  D:00C8H         PUBLIC        P5
  D:00E8H         PUBLIC        P6
  D:00F8H         PUBLIC        P7
  X:00D5H         PUBLIC        Status
  B:0080H.4       PUBLIC        LED5
  B:0090H.3       PUBLIC        LED6
  D:00A8H         PUBLIC        IE
  C:301FH         SYMBOL        _Get_Key_Press_Time
  C:3AE8H         SYMBOL        Key1_LongPress_Handle
  C:3615H         SYMBOL        Key1_ShortPress_Handle
  D:00B8H         PUBLIC        IP
  D:00D8H         PUBLIC        CCON
  X:00D6H         PUBLIC        Long_Press_Handle
  X:00D9H         PUBLIC        Short_Press_Handle
  D:0098H         PUBLIC        SCON
  D:0088H         PUBLIC        TCON
  B:0020H.1       PUBLIC        lastButtonState
  X:00DCH         PUBLIC        last_time
  C:1DB6H         PUBLIC        key_scan
  C:3839H         PUBLIC        key_init
  D:00D0H         PUBLIC        PSW
  B:00A0H.0       PUBLIC        K1
  B:00A0H.1       PUBLIC        K2
  B:00A0H.2       PUBLIC        K3
  C:3440H         SYMBOL        Com0022
  C:3440H         SYMBOL        L?0035
  C:3445H         SYMBOL        L?0036
  C:344AH         SYMBOL        L?0037
  C:344BH         SYMBOL        L?0038
  C:3456H         SYMBOL        L?0039
  C:3459H         SYMBOL        L?0040
  C:345AH         SYMBOL        L?0041
  C:3465H         SYMBOL        L?0042
  C:3469H         SYMBOL        L?0043
  C:346BH         SYMBOL        L?0044
  C:3474H         SYMBOL        L?0045
  C:3474H         SYMBOL        L?0046
  -------         PROC          COM0022
  -------         ENDPROC       COM0022
  -------         PROC          KEY1_SHORTPRESS_HANDLE
  C:3615H         LINE#         25
  C:3615H         LINE#         26
  C:3615H         LINE#         27
  C:361DH         LINE#         28
  C:361DH         LINE#         29
  C:3636H         LINE#         31
BL51 BANKED LINKER/LOCATER V6.22                                                      02/16/2021  21:59:40  PAGE 18


  C:3638H         LINE#         32
  C:363BH         LINE#         33
  C:3642H         LINE#         34
  C:364AH         LINE#         35
  C:364AH         LINE#         36
  -------         ENDPROC       KEY1_SHORTPRESS_HANDLE
  -------         PROC          KEY1_LONGPRESS_HANDLE
  C:3AE8H         LINE#         44
  C:3AE8H         LINE#         45
  C:3AE8H         LINE#         46
  C:3AF4H         LINE#         47
  C:3AF7H         LINE#         48
  C:3B00H         LINE#         49
  C:3B00H         LINE#         52
  C:3B00H         LINE#         54
  -------         ENDPROC       KEY1_LONGPRESS_HANDLE
  -------         PROC          KEY_INIT
  C:3839H         LINE#         62
  C:3839H         LINE#         63
  C:3839H         LINE#         64
  C:3843H         LINE#         65
  C:3848H         LINE#         66
  C:384AH         LINE#         68
  C:3856H         LINE#         70
  C:3862H         LINE#         71
  -------         ENDPROC       KEY_INIT
  -------         PROC          _GET_KEY_PRESS_TIME
  X:007DH         SYMBOL        last_time
  -------         DO            
  X:0081H         SYMBOL        time
  -------         ENDDO         
  C:301FH         LINE#         79
  C:3025H         LINE#         80
  C:3025H         LINE#         83
  C:302EH         LINE#         84
  C:303FH         LINE#         85
  C:303FH         LINE#         86
  C:3053H         LINE#         87
  C:3055H         LINE#         89
  C:3055H         LINE#         91
  C:306EH         LINE#         92
  C:306EH         LINE#         94
  C:3074H         LINE#         95
  -------         ENDPROC       _GET_KEY_PRESS_TIME
  C:1ED2H         SYMBOL        L?0047
  C:1EDFH         SYMBOL        L?0048
  -------         PROC          KEY_SCAN
  -------         DO            
  X:0079H         SYMBOL        time
  -------         ENDDO         
  C:1DB6H         LINE#         103
  C:1DB6H         LINE#         104
  C:1DB6H         LINE#         106
  C:1DB9H         LINE#         107
  C:1DB9H         LINE#         108
  C:1DBCH         LINE#         109
  C:1DBCH         LINE#         111
BL51 BANKED LINKER/LOCATER V6.22                                                      02/16/2021  21:59:40  PAGE 19


  C:1DBFH         LINE#         112
  C:1DBFH         LINE#         113
  C:1DC1H         LINE#         115
  C:1DC9H         LINE#         116
  C:1DD7H         LINE#         117
  C:1DD9H         LINE#         118
  C:1DDCH         LINE#         119
  C:1DDCH         LINE#         120
  C:1DDFH         LINE#         121
  C:1DDFH         LINE#         122
  C:1DE1H         LINE#         123
  C:1DEFH         LINE#         124
  C:1DF1H         LINE#         125
  C:1DF4H         LINE#         126
  C:1DF4H         LINE#         128
  C:1E04H         LINE#         129
  C:1E04H         LINE#         130
  C:1E04H         LINE#         132
  C:1E07H         LINE#         133
  C:1E07H         LINE#         134
  C:1E0DH         LINE#         135
  C:1E16H         LINE#         136
  C:1E16H         LINE#         137
  C:1E18H         LINE#         139
  C:1E18H         LINE#         140
  C:1E1BH         LINE#         141
  C:1E1BH         LINE#         142
  C:1E20H         LINE#         143
  C:1E20H         LINE#         144
  C:1E20H         LINE#         145
  C:1E22H         LINE#         147
  C:1E22H         LINE#         148
  C:1E25H         LINE#         149
  C:1E25H         LINE#         150
  C:1E2FH         LINE#         151
  C:1E34H         LINE#         152
  C:1E36H         LINE#         153
  C:1E36H         LINE#         154
  C:1E36H         LINE#         155
  C:1E36H         LINE#         157
  C:1E44H         LINE#         158
  C:1E44H         LINE#         159
  C:1E4DH         LINE#         160
  C:1E56H         LINE#         161
  C:1E56H         LINE#         164
  C:1E5CH         LINE#         165
  C:1E65H         LINE#         166
  C:1E65H         LINE#         167
  C:1E68H         LINE#         168
  C:1E6AH         LINE#         169
  C:1E6AH         LINE#         170
  C:1E6AH         LINE#         171
  C:1E6BH         LINE#         172
  C:1E73H         LINE#         173
  C:1E73H         LINE#         175
  C:1E7CH         LINE#         177
  C:1E86H         LINE#         178
BL51 BANKED LINKER/LOCATER V6.22                                                      02/16/2021  21:59:40  PAGE 20


  C:1E8BH         LINE#         179
  C:1EACH         LINE#         180
  C:1EACH         LINE#         182
  C:1EB7H         LINE#         183
  C:1EB7H         LINE#         184
  C:1EBAH         LINE#         185
  C:1EBAH         LINE#         186
  C:1EBAH         LINE#         187
  C:1EC3H         LINE#         188
  C:1EC3H         LINE#         190
  C:1ECEH         LINE#         191
  C:1ECEH         LINE#         192
  C:1ED1H         LINE#         193
  C:1ED1H         LINE#         194
  C:1ED1H         LINE#         196
  C:1ED1H         LINE#         197
  -------         ENDPROC       KEY_SCAN
  -------         ENDMOD        USER_KEY

  -------         MODULE        USER_OLED
  C:0000H         SYMBOL        _ICE_DUMMY_
  D:0080H         PUBLIC        P0
  D:0090H         PUBLIC        P1
  D:00A0H         PUBLIC        P2
  D:00B0H         PUBLIC        P3
  D:00C0H         PUBLIC        P4
  D:00C8H         PUBLIC        P5
  D:00E8H         PUBLIC        P6
  D:00F8H         PUBLIC        P7
  D:00A8H         PUBLIC        IE
  D:00B8H         PUBLIC        IP
  C:2439H         PUBLIC        OLED_Init
  D:00D8H         PUBLIC        CCON
  C:38FAH         PUBLIC        _OLED_WR_Byte
  C:288EH         PUBLIC        _OLED_ShowChar
  D:0098H         PUBLIC        SCON
  D:0088H         PUBLIC        TCON
  C:2C39H         PUBLIC        _OLED_ShowCHinese
  C:2007H         PUBLIC        _OLED_ShowNum
  C:32EBH         PUBLIC        _oled_pow
  C:2DB0H         PUBLIC        _OLED_ShowStr
  C:3680H         PUBLIC        _OLED_SetPos
  C:30CAH         PUBLIC        OLED_Clear
  C:2A95H         PUBLIC        _OLED_DrawBMP
  D:00D0H         PUBLIC        PSW
  C:2E22H         SYMBOL        Com004E
  C:2E22H         SYMBOL        L?0079
  C:2E22H         SYMBOL        L?0080
  C:2E2CH         SYMBOL        L?0081
  C:2E30H         SYMBOL        L?0082
  C:2E37H         SYMBOL        L?0084
  C:2E3FH         SYMBOL        L?0085
  C:2E41H         SYMBOL        L?0086
  C:2E4DH         SYMBOL        L?0088
  C:2E54H         SYMBOL        L?0089
  C:2E5DH         SYMBOL        L?0090
  C:2E62H         SYMBOL        L?0091
BL51 BANKED LINKER/LOCATER V6.22                                                      02/16/2021  21:59:40  PAGE 21


  C:2E6BH         SYMBOL        L?0093
  C:2E7EH         SYMBOL        L?0097
  C:2E7FH         SYMBOL        L?0098
  C:2E86H         SYMBOL        L?0099
  C:2E86H         SYMBOL        L?0100
  C:2E8DH         SYMBOL        L?0101
  C:2E8DH         SYMBOL        L?0102
  -------         PROC          COM004E
  -------         ENDPROC       COM004E
  -------         PROC          _OLED_WR_BYTE
  X:00A4H         SYMBOL        dat
  D:0004H         SYMBOL        cmd
  C:38FAH         LINE#         20
  C:3902H         LINE#         21
  C:3902H         LINE#         22
  C:390BH         LINE#         23
  C:390BH         LINE#         24
  C:3913H         LINE#         25
  C:3913H         LINE#         27
  C:3913H         LINE#         28
  C:391BH         LINE#         29
  C:391BH         LINE#         30
  -------         ENDPROC       _OLED_WR_BYTE
  -------         PROC          OLED_CLEAR
  -------         DO            
  X:0079H         SYMBOL        i
  X:007AH         SYMBOL        n
  -------         ENDDO         
  C:30CAH         LINE#         83
  C:30CAH         LINE#         84
  C:30CAH         LINE#         86
  C:30D9H         LINE#         87
  C:30D9H         LINE#         88
  C:30E7H         LINE#         89
  C:30F1H         LINE#         90
  C:30FCH         LINE#         91
  C:3115H         LINE#         92
  C:311DH         LINE#         93
  -------         ENDPROC       OLED_CLEAR
  C:36A8H         SYMBOL        L?0096
  -------         PROC          _OLED_SETPOS
  X:00A3H         SYMBOL        x
  D:0005H         SYMBOL        y
  C:3680H         LINE#         101
  C:3685H         LINE#         102
  C:3685H         LINE#         103
  C:368CH         LINE#         104
  C:3699H         LINE#         105
  C:36A8H         LINE#         106
  -------         ENDPROC       _OLED_SETPOS
  C:292DH         SYMBOL        L?0092
  C:293EH         SYMBOL        L?0094
  -------         PROC          _OLED_SHOWCHAR
  X:009DH         SYMBOL        x
  X:009EH         SYMBOL        y
  D:0003H         SYMBOL        ch
  X:00A0H         SYMBOL        TextSize
BL51 BANKED LINKER/LOCATER V6.22                                                      02/16/2021  21:59:40  PAGE 22


  -------         DO            
  X:00A1H         SYMBOL        c
  X:00A2H         SYMBOL        i
  -------         ENDDO         
  C:288EH         LINE#         142
  C:2899H         LINE#         143
  C:2899H         LINE#         144
  C:28A0H         LINE#         145
  C:28A7H         LINE#         146
  C:28ADH         LINE#         147
  C:28ADH         LINE#         148
  C:28B1H         LINE#         149
  C:28B4H         LINE#         150
  C:28B4H         LINE#         151
  C:28BCH         LINE#         152
  C:28BCH         LINE#         153
  C:28BCH         LINE#         154
  C:28C6H         LINE#         155
  C:28D9H         LINE#         156
  C:28E5H         LINE#         157
  C:28F1H         LINE#         158
  C:2904H         LINE#         159
  C:2904H         LINE#         161
  C:2904H         LINE#         162
  C:2904H         LINE#         163
  C:290EH         LINE#         164
  C:292CH         LINE#         165
  C:292CH         LINE#         166
  -------         ENDPROC       _OLED_SHOWCHAR
  -------         PROC          _OLED_SHOWSTR
  X:0096H         SYMBOL        x
  X:0097H         SYMBOL        y
  X:0098H         SYMBOL        ch
  X:009BH         SYMBOL        TextSize
  -------         DO            
  X:009CH         SYMBOL        j
  -------         ENDDO         
  C:2DB0H         LINE#         177
  C:2DBEH         LINE#         178
  C:2DBEH         LINE#         179
  C:2DC3H         LINE#         180
  C:2DDDH         LINE#         181
  C:2DDDH         LINE#         182
  C:2DF0H         LINE#         183
  C:2DF7H         LINE#         184
  C:2DF7H         LINE#         185
  C:2DFEH         LINE#         186
  C:2E04H         LINE#         187
  C:2E04H         LINE#         188
  C:2E04H         LINE#         189
  C:2E07H         LINE#         190
  C:2E07H         LINE#         191
  C:2E07H         LINE#         192
  C:2E09H         LINE#         194
  C:2E09H         LINE#         195
  C:2E10H         LINE#         196
  C:2E16H         LINE#         197
BL51 BANKED LINKER/LOCATER V6.22                                                      02/16/2021  21:59:40  PAGE 23


  C:2E16H         LINE#         198
  C:2E16H         LINE#         199
  C:2E19H         LINE#         200
  C:2E19H         LINE#         201
  C:2E1FH         LINE#         202
  C:2E1FH         LINE#         203
  C:2E21H         LINE#         204
  -------         ENDPROC       _OLED_SHOWSTR
  -------         PROC          _OLED_POW
  X:0099H         SYMBOL        m
  X:009AH         SYMBOL        n
  -------         DO            
  X:009BH         SYMBOL        result
  -------         ENDDO         
  C:32EBH         LINE#         212
  C:32EEH         LINE#         213
  C:32EEH         LINE#         214
  C:32F8H         LINE#         215
  C:3322H         LINE#         216
  C:3330H         LINE#         217
  -------         ENDPROC       _OLED_POW
  C:20EEH         SYMBOL        L?0083
  -------         PROC          _OLED_SHOWNUM
  X:008FH         SYMBOL        x
  X:0090H         SYMBOL        y
  X:0091H         SYMBOL        num
  X:0093H         SYMBOL        len
  X:0094H         SYMBOL        TextSize
  -------         DO            
  X:0095H         SYMBOL        i
  X:0096H         SYMBOL        t
  X:0097H         SYMBOL        temp
  X:0098H         SYMBOL        enshow
  -------         ENDDO         
  C:2007H         LINE#         229
  C:2012H         LINE#         230
  C:2012H         LINE#         232
  C:2017H         LINE#         233
  C:201FH         LINE#         234
  C:2025H         LINE#         236
  C:202BH         LINE#         237
  C:203BH         LINE#         238
  C:203BH         LINE#         239
  C:2048H         LINE#         240
  C:205AH         LINE#         241
  C:206BH         LINE#         242
  C:206BH         LINE#         243
  C:206BH         LINE#         244
  C:2075H         LINE#         245
  C:2075H         LINE#         246
  C:2079H         LINE#         247
  C:2079H         LINE#         248
  C:2082H         LINE#         249
  C:2084H         LINE#         250
  C:208AH         LINE#         251
  C:208AH         LINE#         252
  C:2097H         LINE#         253
BL51 BANKED LINKER/LOCATER V6.22                                                      02/16/2021  21:59:40  PAGE 24


  C:20A0H         LINE#         254
  C:20A0H         LINE#         256
  C:20A0H         LINE#         257
  C:20AEH         LINE#         258
  C:20AEH         LINE#         259
  C:20AEH         LINE#         260
  C:20B8H         LINE#         261
  C:20B8H         LINE#         262
  C:20BCH         LINE#         263
  C:20BCH         LINE#         264
  C:20C8H         LINE#         265
  C:20CAH         LINE#         266
  C:20D0H         LINE#         267
  C:20D0H         LINE#         268
  C:20E4H         LINE#         269
  C:20EDH         LINE#         270
  C:20EDH         LINE#         271
  -------         ENDPROC       _OLED_SHOWNUM
  C:2CA9H         SYMBOL        L?0095
  -------         PROC          _OLED_SHOWCHINESE
  X:008FH         SYMBOL        x
  X:0090H         SYMBOL        y
  X:0091H         SYMBOL        no
  -------         DO            
  X:0092H         SYMBOL        t
  X:0093H         SYMBOL        adder
  -------         ENDDO         
  C:2C39H         LINE#         279
  C:2C46H         LINE#         280
  C:2C46H         LINE#         281
  C:2C4BH         LINE#         282
  C:2C4EH         LINE#         283
  C:2C5DH         LINE#         284
  C:2C5DH         LINE#         285
  C:2C70H         LINE#         286
  C:2C70H         LINE#         287
  C:2C75H         LINE#         288
  C:2C81H         LINE#         289
  C:2C90H         LINE#         290
  C:2C90H         LINE#         291
  C:2CA3H         LINE#         292
  C:2CA3H         LINE#         293
  C:2CA8H         LINE#         294
  -------         ENDPROC       _OLED_SHOWCHINESE
  -------         PROC          _OLED_DRAWBMP
  X:007DH         SYMBOL        x0
  D:0005H         SYMBOL        y0
  X:007FH         SYMBOL        x1
  X:0080H         SYMBOL        y1
  X:0081H         SYMBOL        BMP
  -------         DO            
  X:0084H         SYMBOL        j
  X:0086H         SYMBOL        x
  X:0087H         SYMBOL        y
  -------         ENDDO         
  C:2A95H         LINE#         307
  C:2A9FH         LINE#         308
BL51 BANKED LINKER/LOCATER V6.22                                                      02/16/2021  21:59:40  PAGE 25


  C:2A9FH         LINE#         309
  C:2AA6H         LINE#         312
  C:2AAFH         LINE#         313
  C:2AB7H         LINE#         315
  C:2AC5H         LINE#         316
  C:2AD8H         LINE#         317
  C:2AD8H         LINE#         318
  C:2AE0H         LINE#         319
  C:2AF5H         LINE#         320
  C:2AF5H         LINE#         321
  C:2B16H         LINE#         322
  C:2B1EH         LINE#         323
  C:2B26H         LINE#         324
  -------         ENDPROC       _OLED_DRAWBMP
  C:24D9H         SYMBOL        L?0073
  C:24E7H         SYMBOL        L?0074
  C:24F5H         SYMBOL        L?0075
  C:2503H         SYMBOL        L?0076
  C:2511H         SYMBOL        L?0077
  C:251FH         SYMBOL        L?0087
  -------         PROC          OLED_INIT
  C:2439H         LINE#         429
  C:2439H         LINE#         430
  C:2439H         LINE#         432
  C:2440H         LINE#         434
  C:2442H         LINE#         435
  C:244BH         LINE#         436
  C:244DH         LINE#         437
  C:2457H         LINE#         438
  C:2459H         LINE#         439
  C:2463H         LINE#         440
  C:2465H         LINE#         441
  C:246FH         LINE#         442
  C:2471H         LINE#         443
  C:247BH         LINE#         444
  C:247DH         LINE#         445
  C:2487H         LINE#         446
  C:2489H         LINE#         447
  C:2492H         LINE#         448
  C:2494H         LINE#         449
  C:249EH         LINE#         450
  C:24A0H         LINE#         451
  C:24AAH         LINE#         452
  C:24ACH         LINE#         453
  C:24B6H         LINE#         454
  C:24B8H         LINE#         456
  C:24C2H         LINE#         457
  C:24C4H         LINE#         458
  C:24CEH         LINE#         459
  C:24D9H         LINE#         460
  -------         ENDPROC       OLED_INIT
  -------         ENDMOD        USER_OLED

  -------         MODULE        USER_SHT30
  C:0000H         SYMBOL        _ICE_DUMMY_
  D:0080H         PUBLIC        P0
  D:0090H         PUBLIC        P1
BL51 BANKED LINKER/LOCATER V6.22                                                      02/16/2021  21:59:40  PAGE 26


  D:00A0H         PUBLIC        P2
  D:00B0H         PUBLIC        P3
  D:00C0H         PUBLIC        P4
  D:00C8H         PUBLIC        P5
  D:00E8H         PUBLIC        P6
  D:00F8H         PUBLIC        P7
  D:00A8H         PUBLIC        IE
  D:00B8H         PUBLIC        IP
  D:00D8H         PUBLIC        CCON
  C:189BH         PUBLIC        sht30_read
  D:0098H         PUBLIC        SCON
  D:0088H         PUBLIC        TCON
  C:397FH         PUBLIC        SHT_Init
  C:325BH         PUBLIC        _sht_crc
  D:00D0H         PUBLIC        PSW
  C:356BH         SYMBOL        Com0012
  C:356BH         SYMBOL        L?0019
  C:357AH         SYMBOL        L?0020
  C:357CH         SYMBOL        L?0021
  C:3585H         SYMBOL        L?0022
  C:3591H         SYMBOL        L?0024
  C:359BH         SYMBOL        L?0025
  -------         PROC          COM0012
  -------         ENDPROC       COM0012
  C:3997H         SYMBOL        L?0026
  -------         PROC          SHT_INIT
  C:397FH         LINE#         20
  C:397FH         LINE#         21
  C:397FH         LINE#         22
  C:3982H         LINE#         23
  C:3984H         LINE#         24
  C:3987H         LINE#         25
  C:3989H         LINE#         26
  C:398CH         LINE#         27
  C:3991H         LINE#         28
  C:3994H         LINE#         29
  C:3997H         LINE#         30
  -------         ENDPROC       SHT_INIT
  -------         PROC          _SHT_CRC
  X:008FH         SYMBOL        shtdata
  X:0092H         SYMBOL        count
  -------         DO            
  D:0005H         SYMBOL        crc_bit
  D:0007H         SYMBOL        crc
  D:0006H         SYMBOL        byteCtr
  -------         ENDDO         
  C:325BH         LINE#         38
  C:3269H         LINE#         39
  C:3269H         LINE#         41
  C:326BH         LINE#         45
  C:3277H         LINE#         46
  C:3277H         LINE#         47
  C:328CH         LINE#         48
  C:328EH         LINE#         49
  C:328EH         LINE#         50
  C:3292H         LINE#         51
  C:3299H         LINE#         53
BL51 BANKED LINKER/LOCATER V6.22                                                      02/16/2021  21:59:40  PAGE 27


  C:329DH         LINE#         54
  C:329FH         LINE#         55
  C:32A2H         LINE#         56
  C:32A2H         LINE#         57
  -------         ENDPROC       _SHT_CRC
  C:1AA0H         SYMBOL        L?0016
  C:1AA9H         SYMBOL        L?0017
  C:1AB2H         SYMBOL        L?0023
  -------         PROC          SHT30_READ
  -------         DO            
  X:007DH         SYMBOL        result
  D:0004H         SYMBOL        St
  X:0087H         SYMBOL        Srh
  X:0089H         SYMBOL        e
  X:008BH         SYMBOL        T
  X:008DH         SYMBOL        TG
  -------         ENDDO         
  C:189BH         LINE#         65
  C:189BH         LINE#         66
  C:189BH         LINE#         75
  C:189EH         LINE#         76
  C:18A0H         LINE#         77
  C:18A3H         LINE#         78
  C:18A5H         LINE#         79
  C:18A8H         LINE#         80
  C:18ADH         LINE#         81
  C:18B0H         LINE#         83
  C:18B3H         LINE#         84
  C:18B8H         LINE#         85
  C:18BBH         LINE#         86
  C:18C1H         LINE#         87
  C:18C1H         LINE#         88
  C:18C7H         LINE#         89
  C:18C7H         LINE#         90
  C:18CDH         LINE#         91
  C:18CDH         LINE#         92
  C:18D3H         LINE#         93
  C:18D3H         LINE#         94
  C:18DBH         LINE#         95
  C:18DEH         LINE#         96
  C:18E6H         LINE#         97
  C:18E9H         LINE#         99
  C:1913H         LINE#         100
  C:1913H         LINE#         101
  C:191DH         LINE#         102
  C:192FH         LINE#         103
  C:1951H         LINE#         104
  C:1964H         LINE#         105
  C:196FH         LINE#         107
  C:198CH         LINE#         108
  C:19EFH         LINE#         112
  C:1A07H         LINE#         113
  C:1A1BH         LINE#         114
  C:1A2DH         LINE#         117
  C:1A41H         LINE#         119
  C:1A52H         LINE#         121
  C:1A63H         LINE#         123
BL51 BANKED LINKER/LOCATER V6.22                                                      02/16/2021  21:59:40  PAGE 28


  C:1A6CH         LINE#         126
  C:1A7DH         LINE#         127
  C:1A8CH         LINE#         134
  C:1A8CH         LINE#         136
  C:1A8CH         LINE#         137
  C:1A9FH         LINE#         138
  C:1A9FH         LINE#         139
  -------         ENDPROC       SHT30_READ
  -------         ENDMOD        USER_SHT30

  -------         MODULE        USER_TIMER
  C:0000H         SYMBOL        _ICE_DUMMY_
  D:0080H         PUBLIC        P0
  D:0090H         PUBLIC        P1
  D:00A0H         PUBLIC        P2
  D:00B0H         PUBLIC        P3
  D:00C0H         PUBLIC        P4
  D:00C8H         PUBLIC        P5
  D:00E8H         PUBLIC        P6
  D:00F8H         PUBLIC        P7
  D:00A8H         PUBLIC        IE
  D:00B8H         PUBLIC        IP
  D:00D8H         PUBLIC        CCON
  D:0098H         PUBLIC        SCON
  D:0089H         PUBLIC        TMOD
  D:0088H         PUBLIC        TCON
  D:008EH         PUBLIC        AUXR
  B:00A8H.1       PUBLIC        ET0
  B:0088H.5       PUBLIC        TF0
  D:008CH         PUBLIC        TH0
  C:3C1FH         PUBLIC        get_count_value
  D:008AH         PUBLIC        TL0
  C:2948H         PUBLIC        timer0_isr_handle
  B:0088H.4       PUBLIC        TR0
  X:00F2H         SYMBOL        Timer_Sec_Value
  X:00F6H         SYMBOL        Timer_Value
  C:38B1H         PUBLIC        timer0_init
  D:00D0H         PUBLIC        PSW
  C:374EH         SYMBOL        Com0007
  C:374EH         SYMBOL        L?0008
  C:374EH         SYMBOL        L?0009
  C:3751H         SYMBOL        L?0010
  C:375CH         SYMBOL        L?0011
  C:376BH         SYMBOL        L?0012
  -------         PROC          COM0007
  -------         ENDPROC       COM0007
  -------         PROC          TIMER0_INIT
  C:38B1H         LINE#         21
  C:38B1H         LINE#         22
  C:38B1H         LINE#         23
  C:38B4H         LINE#         24
  C:38B7H         LINE#         25
  C:38BAH         LINE#         26
  C:38BDH         LINE#         27
  C:38BFH         LINE#         28
  C:38C1H         LINE#         29
  C:38C3H         LINE#         31
BL51 BANKED LINKER/LOCATER V6.22                                                      02/16/2021  21:59:40  PAGE 29


  C:38CDH         LINE#         32
  C:38D6H         LINE#         33
  -------         ENDPROC       TIMER0_INIT
  -------         PROC          TIMER0_ISR_HANDLE
  C:2948H         LINE#         41
  C:2965H         LINE#         45
  C:296EH         LINE#         46
  C:297CH         LINE#         47
  C:297CH         LINE#         48
  C:2988H         LINE#         49
  C:299FH         LINE#         50
  C:299FH         LINE#         51
  C:29A4H         LINE#         52
  C:29A4H         LINE#         54
  C:29BEH         LINE#         55
  C:29BEH         LINE#         56
  C:29C8H         LINE#         58
  C:29E0H         LINE#         59
  C:29E0H         LINE#         60
  C:29E0H         LINE#         61
  -------         ENDPROC       TIMER0_ISR_HANDLE
  -------         PROC          GET_COUNT_VALUE
  C:3C1FH         LINE#         69
  C:3C1FH         LINE#         70
  C:3C1FH         LINE#         71
  C:3C23H         LINE#         72
  -------         ENDPROC       GET_COUNT_VALUE
  -------         ENDMOD        USER_TIMER

  -------         MODULE        CODETAB
  C:0000H         SYMBOL        _ICE_DUMMY_
  C:0AFEH         PUBLIC        table
  C:00C6H         PUBLIC        F6x8
  C:08DEH         PUBLIC        Hzk
  C:0EFEH         PUBLIC        tableeda
  C:02EEH         PUBLIC        F8X16
  C:0A9EH         PUBLIC        UI1
  C:0AB6H         PUBLIC        UI2
  C:0ACEH         PUBLIC        UI3
  C:0AE6H         PUBLIC        UI4
  -------         ENDMOD        CODETAB

  -------         MODULE        UART_1
  C:0000H         SYMBOL        _ICE_DUMMY_
  D:0080H         PUBLIC        P0
  D:0090H         PUBLIC        P1
  D:00A0H         PUBLIC        P2
  D:00B0H         PUBLIC        P3
  D:00C0H         PUBLIC        P4
  D:00C8H         PUBLIC        P5
  B:00A8H.7       PUBLIC        EA
  D:00E8H         PUBLIC        P6
  D:00F8H         PUBLIC        P7
  D:00A8H         PUBLIC        IE
  B:00A8H.4       PUBLIC        ES
  D:00B8H         PUBLIC        IP
  B:0098H.0       PUBLIC        RI
BL51 BANKED LINKER/LOCATER V6.22                                                      02/16/2021  21:59:40  PAGE 30


  C:3331H         PUBLIC        INT_Uart1
  B:0098H.1       PUBLIC        TI
  D:00D8H         PUBLIC        CCON
  D:0099H         PUBLIC        SBUF
  D:0098H         PUBLIC        SCON
  D:0088H         PUBLIC        TCON
  D:00AFH         PUBLIC        IE2
  D:008EH         PUBLIC        AUXR
  C:393DH         PUBLIC        Init_Uart1
  X:00A9H         PUBLIC        rptr
  D:00D6H         PUBLIC        T2H
  X:00AAH         PUBLIC        wptr
  D:00D7H         PUBLIC        T2L
  B:0098H.4       PUBLIC        REN
  B:0020H.2       SYMBOL        busy1
  D:00D0H         PUBLIC        PSW
  X:00ABH         PUBLIC        buffer
  -------         PROC          INT_UART1
  C:3331H         LINE#         12
  C:3340H         LINE#         15
  C:3343H         LINE#         16
  C:3343H         LINE#         17
  C:3345H         LINE#         19
  C:3348H         LINE#         20
  C:3348H         LINE#         21
  C:334AH         LINE#         22
  C:3363H         LINE#         23
  C:336AH         LINE#         25
  C:336AH         LINE#         26
  C:336AH         LINE#         27
  -------         ENDPROC       INT_UART1
  -------         PROC          INIT_UART1
  C:393DH         LINE#         29
  C:393DH         LINE#         30
  C:393DH         LINE#         31
  C:3940H         LINE#         32
  C:3943H         LINE#         33
  C:3946H         LINE#         34
  C:3949H         LINE#         35
  C:394CH         LINE#         36
  C:394FH         LINE#         37
  C:3951H         LINE#         38
  C:3953H         LINE#         39
  C:3955H         LINE#         40
  C:3957H         LINE#         41
  C:395AH         LINE#         42
  C:395DH         LINE#         43
  -------         ENDPROC       INIT_UART1
  -------         ENDMOD        UART_1

  -------         MODULE        UART_2
  C:0000H         SYMBOL        _ICE_DUMMY_
  D:0080H         PUBLIC        P0
  D:0090H         PUBLIC        P1
  D:00A0H         PUBLIC        P2
  D:00B0H         PUBLIC        P3
  D:00C0H         PUBLIC        P4
BL51 BANKED LINKER/LOCATER V6.22                                                      02/16/2021  21:59:40  PAGE 31


  D:00C8H         PUBLIC        P5
  D:00E8H         PUBLIC        P6
  D:00F8H         PUBLIC        P7
  D:00A8H         PUBLIC        IE
  D:00B8H         PUBLIC        IP
  C:0003H         PUBLIC        _Send_Data2
  C:316FH         PUBLIC        INT_Uart2
  D:00D8H         PUBLIC        CCON
  D:0098H         PUBLIC        SCON
  D:0088H         PUBLIC        TCON
  D:00AFH         PUBLIC        IE2
  C:3BE7H         PUBLIC        Init_Uart2
  C:36E8H         PUBLIC        _Send_Str2
  D:009BH         PUBLIC        S2BUF
  D:009AH         PUBLIC        S2CON
  B:0020H.3       SYMBOL        busy2
  D:00D0H         PUBLIC        PSW
  -------         PROC          INT_UART2
  C:316FH         LINE#         12
  C:318CH         LINE#         15
  C:3191H         LINE#         16
  C:3191H         LINE#         17
  C:3194H         LINE#         18
  C:3196H         LINE#         19
  C:3196H         LINE#         20
  C:319BH         LINE#         21
  C:319BH         LINE#         22
  C:319EH         LINE#         23
  C:31A3H         LINE#         24
  C:31A3H         LINE#         25
  -------         ENDPROC       INT_UART2
  -------         PROC          INIT_UART2
  C:3BE7H         LINE#         27
  C:3BE7H         LINE#         28
  C:3BE7H         LINE#         29
  C:3BEAH         LINE#         30
  C:3BECH         LINE#         31
  C:3BEFH         LINE#         34
  -------         ENDPROC       INIT_UART2
  -------         PROC          _SEND_DATA2
  D:0007H         SYMBOL        dat
  C:0003H         LINE#         36
  C:0003H         LINE#         37
  C:0003H         LINE#         39
  C:0006H         LINE#         40
  C:0008H         LINE#         41
  C:000AH         LINE#         42
  -------         ENDPROC       _SEND_DATA2
  -------         PROC          _SEND_STR2
  X:011CH         SYMBOL        s
  C:36E8H         LINE#         44
  C:36F3H         LINE#         45
  C:36F3H         LINE#         47
  C:370AH         LINE#         48
  C:371AH         LINE#         49
  -------         ENDPROC       _SEND_STR2
  -------         ENDMOD        UART_2
BL51 BANKED LINKER/LOCATER V6.22                                                      02/16/2021  21:59:40  PAGE 32



  -------         MODULE        DELAY
  C:0000H         SYMBOL        _ICE_DUMMY_
  D:0080H         PUBLIC        P0
  D:0090H         PUBLIC        P1
  D:00A0H         PUBLIC        P2
  D:00B0H         PUBLIC        P3
  D:00C0H         PUBLIC        P4
  D:00C8H         PUBLIC        P5
  D:00E8H         PUBLIC        P6
  D:00F8H         PUBLIC        P7
  D:00A8H         PUBLIC        IE
  D:00B8H         PUBLIC        IP
  D:00D8H         PUBLIC        CCON
  D:0098H         PUBLIC        SCON
  D:0088H         PUBLIC        TCON
  C:3B01H         PUBLIC        _delay_ms
  D:00D0H         PUBLIC        PSW
  -------         PROC          _DELAY_MS
  D:0006H         SYMBOL        ms
  -------         DO            
  D:0004H         SYMBOL        i
  -------         ENDDO         
  C:3B01H         LINE#         30
  C:3B01H         LINE#         31
  C:3B01H         LINE#         33
  C:3B01H         LINE#         34
  C:3B05H         LINE#         35
  C:3B0EH         LINE#         36
  C:3B17H         LINE#         37
  -------         ENDPROC       _DELAY_MS
  -------         ENDMOD        DELAY

  -------         MODULE        MCU_API
  C:0000H         SYMBOL        _ICE_DUMMY_
  C:3C0DH         PUBLIC        mcu_get_reset_wifi_flag
  C:3B18H         PUBLIC        _mcu_set_wifi_mode
  C:3480H         PUBLIC        _mcu_dp_raw_update
  C:2E94H         PUBLIC        _hex_to_bcd
  C:2D35H         PUBLIC        _uart_receive_input
  C:3C13H         PUBLIC        mcu_get_wifimode_flag
  C:000EH         PUBLIC        wifi_protocol_init
  C:364BH         PUBLIC        _uart_receive_buff_input
  C:3C19H         PUBLIC        mcu_get_wifi_work_state
  C:1AB9H         PUBLIC        wifi_uart_service
  C:2BB3H         PUBLIC        _byte_to_int
  C:32A3H         PUBLIC        _int_to_byte
  C:2122H         PUBLIC        _my_memcpy
  C:35A4H         PUBLIC        _my_memset
  C:3BBBH         PUBLIC        _mcu_get_dp_download_value
  C:3B88H         PUBLIC        mcu_reset_wifi
  C:34BBH         PUBLIC        _mcu_dp_string_update
  C:1EE9H         PUBLIC        _mcu_dp_fault_update
  C:3075H         PUBLIC        _my_strlen
  C:2CB9H         PUBLIC        _mcu_dp_value_update
  C:2F6EH         PUBLIC        _my_strcmp
  C:3BF9H         PUBLIC        _mcu_get_dp_download_bool
BL51 BANKED LINKER/LOCATER V6.22                                                      02/16/2021  21:59:40  PAGE 33


  C:311EH         PUBLIC        _my_strcpy
  C:3531H         PUBLIC        _mcu_dp_bool_update
  C:3C00H         PUBLIC        _mcu_get_dp_download_enum
  C:36B4H         PUBLIC        _mcu_dp_enum_update
  C:252DH         SYMBOL        Com0070
  C:252DH         SYMBOL        L?0113
  C:252DH         SYMBOL        L?0114
  C:2536H         SYMBOL        L?0115
  C:253FH         SYMBOL        L?0116
  C:254BH         SYMBOL        L?0117
  C:254BH         SYMBOL        L?0118
  C:254EH         SYMBOL        L?0119
  C:2550H         SYMBOL        L?0120
  C:2557H         SYMBOL        L?0122
  C:2557H         SYMBOL        L?0123
  C:2558H         SYMBOL        L?0124
  C:2560H         SYMBOL        L?0126
  C:2560H         SYMBOL        L?0127
  C:2571H         SYMBOL        L?0128
  C:2579H         SYMBOL        L?0129
  C:257AH         SYMBOL        L?0130
  C:257CH         SYMBOL        L?0131
  C:2588H         SYMBOL        L?0133
  C:2589H         SYMBOL        L?0134
  C:2593H         SYMBOL        L?0135
  C:2593H         SYMBOL        L?0136
  C:2595H         SYMBOL        L?0137
  C:259DH         SYMBOL        L?0138
  C:259DH         SYMBOL        L?0139
  C:25A6H         SYMBOL        L?0140
  C:25A9H         SYMBOL        L?0141
  C:25B5H         SYMBOL        L?0142
  C:25CBH         SYMBOL        L?0144
  C:25CBH         SYMBOL        L?0145
  C:25D4H         SYMBOL        L?0146
  C:25E2H         SYMBOL        L?0147
  C:25E5H         SYMBOL        L?0148
  C:25ECH         SYMBOL        L?0149
  C:25ECH         SYMBOL        L?0150
  C:25F4H         SYMBOL        L?0151
  C:25FFH         SYMBOL        L?0152
  C:25FFH         SYMBOL        L?0153
  C:2606H         SYMBOL        L?0154
  -------         PROC          COM0070
  -------         ENDPROC       COM0070
  -------         PROC          _HEX_TO_BCD
  D:0007H         SYMBOL        Value_H
  D:0005H         SYMBOL        Value_L
  -------         DO            
  D:0007H         SYMBOL        bcd_value
  -------         ENDDO         
  C:2E94H         LINE#         30
  C:2E94H         LINE#         31
  C:2E94H         LINE#         34
  C:2EA0H         LINE#         35
  C:2EA6H         LINE#         36
  C:2EB2H         LINE#         37
BL51 BANKED LINKER/LOCATER V6.22                                                      02/16/2021  21:59:40  PAGE 34


  C:2EB8H         LINE#         38
  C:2EC4H         LINE#         39
  C:2EC8H         LINE#         41
  C:2ECBH         LINE#         43
  C:2ECFH         LINE#         44
  C:2EDBH         LINE#         45
  C:2EE1H         LINE#         46
  C:2EEDH         LINE#         47
  C:2EEFH         LINE#         48
  C:2EFBH         LINE#         49
  C:2EFFH         LINE#         51
  C:2F04H         LINE#         53
  C:2F04H         LINE#         54
  -------         ENDPROC       _HEX_TO_BCD
  -------         PROC          _MY_STRLEN
  X:0092H         SYMBOL        str
  -------         DO            
  X:0095H         SYMBOL        len
  -------         ENDDO         
  C:3075H         LINE#         61
  C:307BH         LINE#         62
  C:307BH         LINE#         63
  C:3083H         LINE#         64
  C:308BH         LINE#         65
  C:3090H         LINE#         66
  C:3090H         LINE#         68
  C:30A5H         LINE#         69
  C:30C1H         LINE#         70
  C:30C3H         LINE#         72
  C:30C9H         LINE#         73
  -------         ENDPROC       _MY_STRLEN
  -------         PROC          _MY_MEMSET
  X:00E0H         SYMBOL        src
  D:0005H         SYMBOL        ch
  X:00E4H         SYMBOL        count
  -------         DO            
  X:00E6H         SYMBOL        tmp
  -------         ENDDO         
  C:35A4H         LINE#         82
  C:35AAH         LINE#         83
  C:35AAH         LINE#         84
  C:35B0H         LINE#         86
  C:35B8H         LINE#         87
  C:35BCH         LINE#         88
  C:35BCH         LINE#         90
  C:35CAH         LINE#         91
  C:35D4H         LINE#         92
  C:35D6H         LINE#         94
  C:35DCH         LINE#         95
  -------         ENDPROC       _MY_MEMSET
  -------         PROC          _MY_MEMCPY
  X:0099H         SYMBOL        dest
  X:009CH         SYMBOL        src
  X:009FH         SYMBOL        count
  -------         DO            
  X:00A1H         SYMBOL        pdest
  X:00A4H         SYMBOL        psrc
BL51 BANKED LINKER/LOCATER V6.22                                                      02/16/2021  21:59:40  PAGE 35


  X:00A7H         SYMBOL        i
  -------         ENDDO         
  C:2122H         LINE#         104
  C:2128H         LINE#         105
[...]
  C:3015H         LINE#         513
  C:3019H         LINE#         514
  C:301CH         LINE#         516
  C:301EH         LINE#         517
  -------         ENDPROC       _DP_DOWNLOAD_SWITCH_HANDLE
  -------         PROC          _DP_DOWNLOAD_TEMP_SET_HANDLE
  D:0001H         SYMBOL        value
  D:0004H         SYMBOL        length
  -------         DO            
  D:0007H         SYMBOL        ret
  X:0095H         SYMBOL        temp_set
  -------         ENDDO         
  C:3ACAH         LINE#         526
  C:3ACAH         LINE#         527
  C:3ACAH         LINE#         532
  C:3AD3H         LINE#         539
  C:3ADEH         LINE#         540
  C:3AE2H         LINE#         541
  C:3AE5H         LINE#         543
  C:3AE7H         LINE#         544
  -------         ENDPROC       _DP_DOWNLOAD_TEMP_SET_HANDLE
  -------         PROC          _DP_DOWNLOAD_HANDLE
  D:0007H         SYMBOL        dpid
  X:008FH         SYMBOL        value
  X:0092H         SYMBOL        length
  -------         DO            
  X:0094H         SYMBOL        ret
  -------         ENDDO         
  C:27BFH         LINE#         564
  C:27CAH         LINE#         565
  C:27CAH         LINE#         572
  C:2816H         LINE#         573
  C:2816H         LINE#         575
BL51 BANKED LINKER/LOCATER V6.22                                                      02/16/2021  21:59:40  PAGE 47


  C:281CH         LINE#         576
  C:281FH         LINE#         577
  C:281FH         LINE#         579
  C:2825H         LINE#         580
  C:2828H         LINE#         581
  C:2828H         LINE#         583
  C:282EH         LINE#         584
  C:2831H         LINE#         585
  C:2831H         LINE#         587
  C:2837H         LINE#         588
  C:283AH         LINE#         589
  C:283AH         LINE#         591
  C:2840H         LINE#         592
  C:2843H         LINE#         593
  C:2843H         LINE#         595
  C:2849H         LINE#         596
  C:284CH         LINE#         597
  C:284CH         LINE#         599
  C:2852H         LINE#         600
  C:2855H         LINE#         601
  C:2855H         LINE#         603
  C:285BH         LINE#         604
  C:285DH         LINE#         605
  C:285DH         LINE#         607
  C:2863H         LINE#         608
  C:2865H         LINE#         609
  C:2865H         LINE#         611
  C:286BH         LINE#         612
  C:286DH         LINE#         613
  C:286DH         LINE#         615
  C:2873H         LINE#         616
  C:2875H         LINE#         617
  C:2875H         LINE#         619
  C:287BH         LINE#         620
  C:287DH         LINE#         621
  C:287DH         LINE#         623
  C:2888H         LINE#         624
  C:2888H         LINE#         627
  C:2888H         LINE#         628
  C:2888H         LINE#         629
  C:2888H         LINE#         630
  C:288DH         LINE#         631
  -------         ENDPROC       _DP_DOWNLOAD_HANDLE
  -------         PROC          GET_DOWNLOAD_CMD_TOTAL
  C:3C2AH         LINE#         639
  C:3C2AH         LINE#         640
  C:3C2AH         LINE#         641
  C:3C2CH         LINE#         642
  -------         ENDPROC       GET_DOWNLOAD_CMD_TOTAL
  -------         ENDMOD        PROTOCOL

  -------         MODULE        SYSTEM
  C:0000H         SYMBOL        _ICE_DUMMY_
  C:37B1H         SYMBOL        _get_dowmload_dpid_index
  C:3BDDH         SYMBOL        get_mcu_wifi_mode
  C:388AH         SYMBOL        heat_beat_check
  X:0001H         PUBLIC        set_wifimode_flag
BL51 BANKED LINKER/LOCATER V6.22                                                      02/16/2021  21:59:40  PAGE 48


  C:395EH         PUBLIC        _set_wifi_uart_byte
  C:37E0H         PUBLIC        with_data_rxbuff
  X:0002H         PUBLIC        stop_update_flag
  C:320DH         PUBLIC        take_byte_rxbuff
  X:0003H         PUBLIC        wifi_data_process_buf
  X:0022H         PUBLIC        reset_wifi_flag
  X:0023H         PUBLIC        wifi_uart_rx_buf
  X:003AH         PUBLIC        wifi_uart_tx_buf
  X:0071H         PUBLIC        rx_buf_in
  C:3527H         SYMBOL        _?ix1000
  X:0074H         PUBLIC        rx_buf_out
  C:2F05H         PUBLIC        _wifi_uart_write_frame
  C:35DDH         PUBLIC        _get_check_sum
  C:33FFH         SYMBOL        _wifi_uart_write_data
  X:0077H         PUBLIC        wifi_work_state
  C:31BEH         PUBLIC        _set_wifi_uart_buffer
  C:1C7DH         PUBLIC        _data_handle
  C:0046H         SYMBOL        _data_point_handle
  C:233EH         SYMBOL        product_info_update
  C:371BH         SYMBOL        Com003C
  C:371BH         SYMBOL        L?0061
  C:371EH         SYMBOL        L?0062
  C:3726H         SYMBOL        L?0065
  C:3726H         SYMBOL        L?0066
  C:3727H         SYMBOL        L?0067
  C:372FH         SYMBOL        L?0068
  C:373FH         SYMBOL        L?0069
  -------         PROC          COM003C
  -------         ENDPROC       COM003C
  -------         PROC          _SET_WIFI_UART_BYTE
  X:009EH         SYMBOL        dest
  D:0005H         SYMBOL        byte
  -------         DO            
  D:0001H         SYMBOL        obj
  -------         ENDDO         
  C:395EH         LINE#         34
  C:3961H         LINE#         35
  C:3961H         LINE#         36
  C:3964H         LINE#         38
  C:3968H         LINE#         39
  C:3976H         LINE#         41
  C:397EH         LINE#         42
  -------         ENDPROC       _SET_WIFI_UART_BYTE
  -------         PROC          _SET_WIFI_UART_BUFFER
  X:0092H         SYMBOL        dest
  X:0094H         SYMBOL        src
  X:0097H         SYMBOL        len
  -------         DO            
  D:0001H         SYMBOL        obj
  -------         ENDDO         
  C:31BEH         LINE#         51
  C:31C7H         LINE#         52
  C:31C7H         LINE#         53
  C:31CAH         LINE#         55
  C:31F3H         LINE#         57
  C:3207H         LINE#         58
  C:320CH         LINE#         59
BL51 BANKED LINKER/LOCATER V6.22                                                      02/16/2021  21:59:40  PAGE 49


  -------         ENDPROC       _SET_WIFI_UART_BUFFER
  -------         PROC          _GET_CHECK_SUM
  X:00A0H         SYMBOL        pack
  X:00A3H         SYMBOL        pack_len
  -------         DO            
  D:0006H         SYMBOL        i
  X:00A5H         SYMBOL        check_sum
  -------         ENDDO         
  C:35DDH         LINE#         67
  C:35E9H         LINE#         68
  C:35E9H         LINE#         70
  C:35ECH         LINE#         72
  C:35FBH         LINE#         73
  C:3608H         LINE#         74
  C:360FH         LINE#         76
  C:3614H         LINE#         77
  -------         ENDPROC       _GET_CHECK_SUM
  -------         PROC          _WIFI_UART_WRITE_DATA
  X:00A0H         SYMBOL        in
  X:00A3H         SYMBOL        len
  C:33FFH         LINE#         85
  C:340BH         LINE#         86
  C:340BH         LINE#         87
  C:341AH         LINE#         89
  C:341AH         LINE#         91
  C:3428H         LINE#         92
  C:3433H         LINE#         93
  C:343DH         LINE#         94
  C:343FH         LINE#         95
  -------         ENDPROC       _WIFI_UART_WRITE_DATA
  -------         PROC          _WIFI_UART_WRITE_FRAME
  D:0007H         SYMBOL        fr_type
  D:0005H         SYMBOL        fr_ver
  X:009EH         SYMBOL        len
  -------         DO            
  D:0006H         SYMBOL        check_sum
  -------         ENDDO         
  C:2F05H         LINE#         104
  C:2F0DH         LINE#         105
  C:2F0DH         LINE#         106
  C:2F0DH         LINE#         108
  C:2F13H         LINE#         109
  C:2F17H         LINE#         110
  C:2F1AH         LINE#         111
  C:2F1DH         LINE#         112
  C:2F2AH         LINE#         113
  C:2F2DH         LINE#         115
  C:2F3BH         LINE#         116
  C:2F52H         LINE#         117
  C:2F65H         LINE#         119
  -------         ENDPROC       _WIFI_UART_WRITE_FRAME
  -------         PROC          HEAT_BEAT_CHECK
  -------         DO            
  D:0007H         SYMBOL        length
  X:0000H         SYMBOL        mcu_reset_state
  -------         ENDDO         
  C:388AH         LINE#         127
BL51 BANKED LINKER/LOCATER V6.22                                                      02/16/2021  21:59:40  PAGE 50


  C:388AH         LINE#         128
  C:388AH         LINE#         129
  C:388CH         LINE#         132
  C:3892H         LINE#         133
  C:3897H         LINE#         134
  C:389DH         LINE#         135
  C:389FH         LINE#         136
  C:38A6H         LINE#         137
  C:38A6H         LINE#         139
  -------         ENDPROC       HEAT_BEAT_CHECK
  C:23D9H         SYMBOL        L?0057
  C:23F0H         SYMBOL        L?0058
  C:2407H         SYMBOL        L?0059
  C:2419H         SYMBOL        L?0063
  C:2422H         SYMBOL        L?0064
  C:2430H         SYMBOL        L?0070
  -------         PROC          PRODUCT_INFO_UPDATE
  -------         DO            
  X:0087H         SYMBOL        length
  X:0088H         SYMBOL        str
  -------         ENDDO         
  C:233EH         LINE#         147
  C:233EH         LINE#         148
  C:233EH         LINE#         149
  C:2343H         LINE#         150
  C:2355H         LINE#         152
  C:2363H         LINE#         153
  C:2371H         LINE#         154
  C:237FH         LINE#         155
  C:238DH         LINE#         156
  C:239BH         LINE#         157
  C:23A9H         LINE#         175
  C:23CFH         LINE#         177
  C:23D9H         LINE#         178
  -------         ENDPROC       PRODUCT_INFO_UPDATE
  -------         PROC          GET_MCU_WIFI_MODE
  -------         DO            
  D:0007H         SYMBOL        length
  -------         ENDDO         
  C:3BDDH         LINE#         185
  C:3BDDH         LINE#         186
  C:3BDDH         LINE#         187
  C:3BDEH         LINE#         196
  -------         ENDPROC       GET_MCU_WIFI_MODE
  -------         PROC          _GET_DOWMLOAD_DPID_INDEX
  X:008EH         SYMBOL        dpid
  -------         DO            
  D:0006H         SYMBOL        index
  D:0007H         SYMBOL        total
  -------         ENDDO         
  C:37B1H         LINE#         204
  C:37B6H         LINE#         205
  C:37B6H         LINE#         207
  C:37B9H         LINE#         209
  C:37C0H         LINE#         210
  C:37DAH         LINE#         211
  C:37DAH         LINE#         212
BL51 BANKED LINKER/LOCATER V6.22                                                      02/16/2021  21:59:40  PAGE 51


  C:37DAH         LINE#         213
  C:37DDH         LINE#         215
  C:37DFH         LINE#         216
  -------         ENDPROC       _GET_DOWMLOAD_DPID_INDEX
  -------         PROC          _DATA_POINT_HANDLE
  X:0087H         SYMBOL        value
  -------         DO            
  X:008AH         SYMBOL        dp_id
  D:0007H         SYMBOL        index
  X:008BH         SYMBOL        dp_type
  D:0007H         SYMBOL        ret
  X:008CH         SYMBOL        dp_len
  -------         ENDDO         
  C:0046H         LINE#         223
  C:004CH         LINE#         224
  C:004CH         LINE#         230
  C:0054H         LINE#         231
  C:005EH         LINE#         232
  C:006BH         LINE#         233
  C:007FH         LINE#         235
  C:0084H         LINE#         237
  C:009CH         LINE#         239
  C:009FH         LINE#         240
  C:009FH         LINE#         241
  C:00C2H         LINE#         242
  C:00C2H         LINE#         244
  C:00C2H         LINE#         245
  -------         ENDPROC       _DATA_POINT_HANDLE
  -------         PROC          _DATA_HANDLE
  X:007DH         SYMBOL        offset
  -------         DO            
  X:007FH         SYMBOL        dp_len
  X:0081H         SYMBOL        ret
  X:0082H         SYMBOL        i
  X:0084H         SYMBOL        total_len
  D:0007H         SYMBOL        cmd_type
  X:0086H         SYMBOL        result
  -------         ENDDO         
  C:1C7DH         LINE#         391
  C:1C85H         LINE#         392
  C:1C85H         LINE#         406
  C:1C97H         LINE#         424
  C:1CC1H         LINE#         425
  C:1CC1H         LINE#         426
  C:1CC1H         LINE#         427
  C:1CC4H         LINE#         428
  C:1CC4H         LINE#         430
  C:1CC4H         LINE#         431
  C:1CC7H         LINE#         432
  C:1CC7H         LINE#         434
  C:1CC7H         LINE#         435
  C:1CCAH         LINE#         436
  C:1CCAH         LINE#         439
  C:1CCAH         LINE#         440
  C:1CDFH         LINE#         441
  C:1CE9H         LINE#         448
  C:1CE9H         LINE#         450
BL51 BANKED LINKER/LOCATER V6.22                                                      02/16/2021  21:59:40  PAGE 52


  C:1CE9H         LINE#         451
  C:1CECH         LINE#         452
  C:1CEEH         LINE#         454
  C:1CEEH         LINE#         455
  C:1CF4H         LINE#         456
  C:1CF5H         LINE#         459
  C:1CF5H         LINE#         460
  C:1D1EH         LINE#         462
  C:1D3AH         LINE#         463
  C:1D5EH         LINE#         464
  C:1D77H         LINE#         466
  C:1D95H         LINE#         468
  C:1D95H         LINE#         470
  C:1D95H         LINE#         472
  C:1D95H         LINE#         474
  C:1DAFH         LINE#         475
  C:1DB2H         LINE#         476
  C:1DB2H         LINE#         478
  C:1DB2H         LINE#         479
  C:1DB5H         LINE#         480
  C:1DB5H         LINE#         725
  C:1DB5H         LINE#         726
  C:1DB5H         LINE#         727
  -------         ENDPROC       _DATA_HANDLE
  -------         PROC          WITH_DATA_RXBUFF
  C:37E0H         LINE#         734
  C:37E0H         LINE#         735
  C:37E0H         LINE#         736
  C:3807H         LINE#         737
  C:380AH         LINE#         739
  C:380CH         LINE#         740
  -------         ENDPROC       WITH_DATA_RXBUFF
  -------         PROC          TAKE_BYTE_RXBUFF
  -------         DO            
  D:0007H         SYMBOL        value
  -------         ENDDO         
  C:320DH         LINE#         747
  C:320DH         LINE#         748
  C:320DH         LINE#         751
  C:3232H         LINE#         753
  C:3245H         LINE#         755
  C:3253H         LINE#         756
  C:3253H         LINE#         758
  C:325AH         LINE#         759
  C:325AH         LINE#         761
  C:325AH         LINE#         762
  -------         ENDPROC       TAKE_BYTE_RXBUFF
  -------         ENDMOD        SYSTEM

  -------         MODULE        ?C?FPADD
  C:1105H         PUBLIC        ?C?FPADD
  C:1101H         PUBLIC        ?C?FPSUB
  -------         ENDMOD        ?C?FPADD

  -------         MODULE        ?C?FPMUL
  C:11F6H         PUBLIC        ?C?FPMUL
  -------         ENDMOD        ?C?FPMUL
BL51 BANKED LINKER/LOCATER V6.22                                                      02/16/2021  21:59:40  PAGE 53



  -------         MODULE        ?C?FPDIV
  C:12FFH         PUBLIC        ?C?FPDIV
  -------         ENDMOD        ?C?FPDIV

  -------         MODULE        ?C?FCAST
  C:13A6H         PUBLIC        ?C?FCASTC
  C:13A1H         PUBLIC        ?C?FCASTI
  C:139CH         PUBLIC        ?C?FCASTL
  -------         ENDMOD        ?C?FCAST

  -------         MODULE        ?C?CASTF
  C:13DAH         PUBLIC        ?C?CASTF
  -------         ENDMOD        ?C?CASTF

  -------         MODULE        EXP
  C:2A33H         PUBLIC        _EXP
  -------         ENDMOD        EXP

  -------         MODULE        ?C?COPY
  C:1578H         PUBLIC        ?C?COPY
  -------         ENDMOD        ?C?COPY

  -------         MODULE        ?C?CLDPTR
  C:159EH         PUBLIC        ?C?CLDPTR
  -------         ENDMOD        ?C?CLDPTR

  -------         MODULE        ?C?CLDOPTR
  C:15B7H         PUBLIC        ?C?CLDOPTR
  -------         ENDMOD        ?C?CLDOPTR

  -------         MODULE        ?C?CSTPTR
  C:15E4H         PUBLIC        ?C?CSTPTR
  -------         ENDMOD        ?C?CSTPTR

  -------         MODULE        ?C?CSTOPTR
  C:15F6H         PUBLIC        ?C?CSTOPTR
  -------         ENDMOD        ?C?CSTOPTR

  -------         MODULE        ?C?SIDIV
  C:1618H         PUBLIC        ?C?SIDIV
  -------         ENDMOD        ?C?SIDIV

  -------         MODULE        ?C?IILDX
  C:164EH         PUBLIC        ?C?IILDX
  -------         ENDMOD        ?C?IILDX

  -------         MODULE        ?C?ILDIX
  C:1664H         PUBLIC        ?C?ILDIX
  -------         ENDMOD        ?C?ILDIX

  -------         MODULE        ?C?LMUL
  C:167AH         PUBLIC        ?C?LMUL
  -------         ENDMOD        ?C?LMUL

  -------         MODULE        ?C?ULDIV
  C:1705H         PUBLIC        ?C?ULDIV
BL51 BANKED LINKER/LOCATER V6.22                                                      02/16/2021  21:59:40  PAGE 54


  -------         ENDMOD        ?C?ULDIV

  -------         MODULE        ?C?LNOT
  C:1797H         PUBLIC        ?C?LNOT
  -------         ENDMOD        ?C?LNOT

  -------         MODULE        ?C?LNEG
  C:17A4H         PUBLIC        ?C?LNEG
  -------         ENDMOD        ?C?LNEG

  -------         MODULE        ?C?ULCMP
  C:17B2H         PUBLIC        ?C?ULCMP
  -------         ENDMOD        ?C?ULCMP

  -------         MODULE        ?C?ULSHR
  C:17C3H         PUBLIC        ?C?ULSHR
  -------         ENDMOD        ?C?ULSHR

  -------         MODULE        ?C?LSHL
  C:17D6H         PUBLIC        ?C?LSHL
  -------         ENDMOD        ?C?LSHL

  -------         MODULE        ?C?LLDCODE
  C:17E9H         PUBLIC        ?C?LLDCODE
  -------         ENDMOD        ?C?LLDCODE

  -------         MODULE        ?C?LLDCODE0
  C:17F9H         PUBLIC        ?C?LLDCODE0
  -------         ENDMOD        ?C?LLDCODE0

  -------         MODULE        ?C?LSTXDATA
  C:1809H         PUBLIC        ?C?LSTXDATA
  -------         ENDMOD        ?C?LSTXDATA

  -------         MODULE        ?C?LSTKXDATA
  C:1815H         PUBLIC        ?C?LSTKXDATA
  -------         ENDMOD        ?C?LSTKXDATA

  -------         MODULE        ?C?UIDIV
  C:1846H         PUBLIC        ?C?UIDIV
  -------         ENDMOD        ?C?UIDIV

*** WARNING L16: UNCALLED SEGMENT, IGNORED FOR OVERLAY PROCESS
    SEGMENT: ?PR?_SEND_STR2?UART_2

*** WARNING L16: UNCALLED SEGMENT, IGNORED FOR OVERLAY PROCESS
    SEGMENT: ?PR?_HEX_TO_BCD?MCU_API

*** WARNING L16: UNCALLED SEGMENT, IGNORED FOR OVERLAY PROCESS
    SEGMENT: ?PR?_MY_MEMSET?MCU_API

*** WARNING L16: UNCALLED SEGMENT, IGNORED FOR OVERLAY PROCESS
    SEGMENT: ?PR?_MY_STRCPY?MCU_API

*** WARNING L16: UNCALLED SEGMENT, IGNORED FOR OVERLAY PROCESS
    SEGMENT: ?PR?_MY_STRCMP?MCU_API

BL51 BANKED LINKER/LOCATER V6.22                                                      02/16/2021  21:59:40  PAGE 55


*** WARNING L16: UNCALLED SEGMENT, IGNORED FOR OVERLAY PROCESS
    SEGMENT: ?PR?_INT_TO_BYTE?MCU_API

*** WARNING L16: UNCALLED SEGMENT, IGNORED FOR OVERLAY PROCESS
    SEGMENT: ?PR?_MCU_DP_RAW_UPDATE?MCU_API

*** WARNING L16: UNCALLED SEGMENT, IGNORED FOR OVERLAY PROCESS
    SEGMENT: ?PR?_MCU_DP_STRING_UPDATE?MCU_API

*** WARNING L16: UNCALLED SEGMENT, IGNORED FOR OVERLAY PROCESS
    SEGMENT: ?PR?_MCU_DP_FAULT_UPDATE?MCU_API

*** WARNING L16: UNCALLED SEGMENT, IGNORED FOR OVERLAY PROCESS
    SEGMENT: ?PR?_UART_RECEIVE_BUFF_INPUT?MCU_API

*** WARNING L16: UNCALLED SEGMENT, IGNORED FOR OVERLAY PROCESS
    SEGMENT: ?PR?MCU_GET_RESET_WIFI_FLAG?MCU_API

*** WARNING L16: UNCALLED SEGMENT, IGNORED FOR OVERLAY PROCESS
    SEGMENT: ?PR?MCU_GET_WIFIMODE_FLAG?MCU_API

*** WARNING L16: UNCALLED SEGMENT, IGNORED FOR OVERLAY PROCESS
    SEGMENT: ?PR?_MCU_SET_WIFI_MODE?MCU_API

Program Size: data=9.4 xdata=289 code=15404
LINK/LOCATE RUN COMPLETE.  13 WARNING(S),  0 ERROR(S)
